Archive member included to satisfy reference by file (symbol)

C:/ST/STM32CubeIDE_1.16.0/STM32CubeIDE/plugins/com.st.stm32cube.ide.mcu.externaltools.gnu-tools-for-stm32.12.3.rel1.win32_1.0.200.202406191623/tools/bin/../lib/gcc/arm-none-eabi/12.3.1/../../../../arm-none-eabi/lib/thumb/v7e-m+fp/hard\libc_nano.a(libc_a-exit.o)
                              C:/ST/STM32CubeIDE_1.16.0/STM32CubeIDE/plugins/com.st.stm32cube.ide.mcu.externaltools.gnu-tools-for-stm32.12.3.rel1.win32_1.0.200.202406191623/tools/bin/../lib/gcc/arm-none-eabi/12.3.1/../../../../arm-none-eabi/lib/thumb/v7e-m+fp/hard/crt0.o (exit)
C:/ST/STM32CubeIDE_1.16.0/STM32CubeIDE/plugins/com.st.stm32cube.ide.mcu.externaltools.gnu-tools-for-stm32.12.3.rel1.win32_1.0.200.202406191623/tools/bin/../lib/gcc/arm-none-eabi/12.3.1/../../../../arm-none-eabi/lib/thumb/v7e-m+fp/hard\libc_nano.a(libc_a-findfp.o)
                              C:/ST/STM32CubeIDE_1.16.0/STM32CubeIDE/plugins/com.st.stm32cube.ide.mcu.externaltools.gnu-tools-for-stm32.12.3.rel1.win32_1.0.200.202406191623/tools/bin/../lib/gcc/arm-none-eabi/12.3.1/../../../../arm-none-eabi/lib/thumb/v7e-m+fp/hard\libc_nano.a(libc_a-exit.o) (__stdio_exit_handler)
C:/ST/STM32CubeIDE_1.16.0/STM32CubeIDE/plugins/com.st.stm32cube.ide.mcu.externaltools.gnu-tools-for-stm32.12.3.rel1.win32_1.0.200.202406191623/tools/bin/../lib/gcc/arm-none-eabi/12.3.1/../../../../arm-none-eabi/lib/thumb/v7e-m+fp/hard\libc_nano.a(libc_a-fwalk.o)
                              C:/ST/STM32CubeIDE_1.16.0/STM32CubeIDE/plugins/com.st.stm32cube.ide.mcu.externaltools.gnu-tools-for-stm32.12.3.rel1.win32_1.0.200.202406191623/tools/bin/../lib/gcc/arm-none-eabi/12.3.1/../../../../arm-none-eabi/lib/thumb/v7e-m+fp/hard\libc_nano.a(libc_a-findfp.o) (_fwalk_sglue)
C:/ST/STM32CubeIDE_1.16.0/STM32CubeIDE/plugins/com.st.stm32cube.ide.mcu.externaltools.gnu-tools-for-stm32.12.3.rel1.win32_1.0.200.202406191623/tools/bin/../lib/gcc/arm-none-eabi/12.3.1/../../../../arm-none-eabi/lib/thumb/v7e-m+fp/hard\libc_nano.a(libc_a-stdio.o)
                              C:/ST/STM32CubeIDE_1.16.0/STM32CubeIDE/plugins/com.st.stm32cube.ide.mcu.externaltools.gnu-tools-for-stm32.12.3.rel1.win32_1.0.200.202406191623/tools/bin/../lib/gcc/arm-none-eabi/12.3.1/../../../../arm-none-eabi/lib/thumb/v7e-m+fp/hard\libc_nano.a(libc_a-findfp.o) (__sread)
C:/ST/STM32CubeIDE_1.16.0/STM32CubeIDE/plugins/com.st.stm32cube.ide.mcu.externaltools.gnu-tools-for-stm32.12.3.rel1.win32_1.0.200.202406191623/tools/bin/../lib/gcc/arm-none-eabi/12.3.1/../../../../arm-none-eabi/lib/thumb/v7e-m+fp/hard\libc_nano.a(libc_a-memset.o)
                              C:/ST/STM32CubeIDE_1.16.0/STM32CubeIDE/plugins/com.st.stm32cube.ide.mcu.externaltools.gnu-tools-for-stm32.12.3.rel1.win32_1.0.200.202406191623/tools/bin/../lib/gcc/arm-none-eabi/12.3.1/../../../../arm-none-eabi/lib/thumb/v7e-m+fp/hard/crt0.o (memset)
C:/ST/STM32CubeIDE_1.16.0/STM32CubeIDE/plugins/com.st.stm32cube.ide.mcu.externaltools.gnu-tools-for-stm32.12.3.rel1.win32_1.0.200.202406191623/tools/bin/../lib/gcc/arm-none-eabi/12.3.1/../../../../arm-none-eabi/lib/thumb/v7e-m+fp/hard\libc_nano.a(libc_a-strncmp.o)
                              ./Core/Src/main.o (strncmp)
C:/ST/STM32CubeIDE_1.16.0/STM32CubeIDE/plugins/com.st.stm32cube.ide.mcu.externaltools.gnu-tools-for-stm32.12.3.rel1.win32_1.0.200.202406191623/tools/bin/../lib/gcc/arm-none-eabi/12.3.1/../../../../arm-none-eabi/lib/thumb/v7e-m+fp/hard\libc_nano.a(libc_a-closer.o)
                              C:/ST/STM32CubeIDE_1.16.0/STM32CubeIDE/plugins/com.st.stm32cube.ide.mcu.externaltools.gnu-tools-for-stm32.12.3.rel1.win32_1.0.200.202406191623/tools/bin/../lib/gcc/arm-none-eabi/12.3.1/../../../../arm-none-eabi/lib/thumb/v7e-m+fp/hard\libc_nano.a(libc_a-stdio.o) (_close_r)
C:/ST/STM32CubeIDE_1.16.0/STM32CubeIDE/plugins/com.st.stm32cube.ide.mcu.externaltools.gnu-tools-for-stm32.12.3.rel1.win32_1.0.200.202406191623/tools/bin/../lib/gcc/arm-none-eabi/12.3.1/../../../../arm-none-eabi/lib/thumb/v7e-m+fp/hard\libc_nano.a(libc_a-reent.o)
                              C:/ST/STM32CubeIDE_1.16.0/STM32CubeIDE/plugins/com.st.stm32cube.ide.mcu.externaltools.gnu-tools-for-stm32.12.3.rel1.win32_1.0.200.202406191623/tools/bin/../lib/gcc/arm-none-eabi/12.3.1/../../../../arm-none-eabi/lib/thumb/v7e-m+fp/hard\libc_nano.a(libc_a-closer.o) (errno)
C:/ST/STM32CubeIDE_1.16.0/STM32CubeIDE/plugins/com.st.stm32cube.ide.mcu.externaltools.gnu-tools-for-stm32.12.3.rel1.win32_1.0.200.202406191623/tools/bin/../lib/gcc/arm-none-eabi/12.3.1/../../../../arm-none-eabi/lib/thumb/v7e-m+fp/hard\libc_nano.a(libc_a-impure.o)
                              C:/ST/STM32CubeIDE_1.16.0/STM32CubeIDE/plugins/com.st.stm32cube.ide.mcu.externaltools.gnu-tools-for-stm32.12.3.rel1.win32_1.0.200.202406191623/tools/bin/../lib/gcc/arm-none-eabi/12.3.1/../../../../arm-none-eabi/lib/thumb/v7e-m+fp/hard\libc_nano.a(libc_a-reent.o) (_impure_ptr)
[...]
Memory Configuration

Name             Origin             Length             Attributes
CCMRAM           0x10000000         0x00010000         xrw
RAM              0x20000000         0x00020000         xrw
FLASH            0x08000000         0x00100000         xr
*default*        0x00000000         0xffffffff

Linker script and memory map

LOAD C:/ST/STM32CubeIDE_1.16.0/STM32CubeIDE/plugins/com.st.stm32cube.ide.mcu.externaltools.gnu-tools-for-stm32.12.3.rel1.win32_1.0.200.202406191623/tools/bin/../lib/gcc/arm-none-eabi/12.3.1/thumb/v7e-m+fp/hard/crti.o
LOAD C:/ST/STM32CubeIDE_1.16.0/STM32CubeIDE/plugins/com.st.stm32cube.ide.mcu.externaltools.gnu-tools-for-stm32.12.3.rel1.win32_1.0.200.202406191623/tools/bin/../lib/gcc/arm-none-eabi/12.3.1/thumb/v7e-m+fp/hard/crtbegin.o
LOAD C:/ST/STM32CubeIDE_1.16.0/STM32CubeIDE/plugins/com.st.stm32cube.ide.mcu.externaltools.gnu-tools-for-stm32.12.3.rel1.win32_1.0.200.202406191623/tools/bin/../lib/gcc/arm-none-eabi/12.3.1/../../../../arm-none-eabi/lib/thumb/v7e-m+fp/hard/crt0.o
LOAD ./Core/Src/main.o
LOAD ./Core/Src/stm32f4xx_hal_msp.o
LOAD ./Core/Src/stm32f4xx_it.o
LOAD ./Core/Src/syscalls.o
LOAD ./Core/Src/sysmem.o
LOAD ./Core/Src/system_stm32f4xx.o
LOAD ./Core/Startup/startup_stm32f407vgtx.o
LOAD ./Drivers/STM32F4xx_HAL_Driver/stm32f4xx_hal.o
LOAD ./Drivers/STM32F4xx_HAL_Driver/stm32f4xx_hal_cortex.o
LOAD ./Drivers/STM32F4xx_HAL_Driver/stm32f4xx_hal_dma.o
LOAD ./Drivers/STM32F4xx_HAL_Driver/stm32f4xx_hal_dma_ex.o
LOAD ./Drivers/STM32F4xx_HAL_Driver/stm32f4xx_hal_exti.o
LOAD ./Drivers/STM32F4xx_HAL_Driver/stm32f4xx_hal_flash.o
LOAD ./Drivers/STM32F4xx_HAL_Driver/stm32f4xx_hal_flash_ex.o
LOAD ./Drivers/STM32F4xx_HAL_Driver/stm32f4xx_hal_flash_ramfunc.o
LOAD ./Drivers/STM32F4xx_HAL_Driver/stm32f4xx_hal_gpio.o
LOAD ./Drivers/STM32F4xx_HAL_Driver/stm32f4xx_hal_i2c.o
LOAD ./Drivers/STM32F4xx_HAL_Driver/stm32f4xx_hal_i2c_ex.o
LOAD ./Drivers/STM32F4xx_HAL_Driver/stm32f4xx_hal_i2s.o
LOAD ./Drivers/STM32F4xx_HAL_Driver/stm32f4xx_hal_i2s_ex.o
LOAD ./Drivers/STM32F4xx_HAL_Driver/stm32f4xx_hal_pcd.o
LOAD ./Drivers/STM32F4xx_HAL_Driver/stm32f4xx_hal_pcd_ex.o
LOAD ./Drivers/STM32F4xx_HAL_Driver/stm32f4xx_hal_pwr.o
LOAD ./Drivers/STM32F4xx_HAL_Driver/stm32f4xx_hal_pwr_ex.o
LOAD ./Drivers/STM32F4xx_HAL_Driver/stm32f4xx_hal_rcc.o
LOAD ./Drivers/STM32F4xx_HAL_Driver/stm32f4xx_hal_rcc_ex.o
LOAD ./Drivers/STM32F4xx_HAL_Driver/stm32f4xx_hal_spi.o
LOAD ./Drivers/STM32F4xx_HAL_Driver/stm32f4xx_hal_tim.o
LOAD ./Drivers/STM32F4xx_HAL_Driver/stm32f4xx_hal_tim_ex.o
LOAD ./Drivers/STM32F4xx_HAL_Driver/stm32f4xx_ll_usb.o
LOAD ./Middlewares/USB_Device_Library/usbd_cdc.o
LOAD ./Middlewares/USB_Device_Library/usbd_core.o
LOAD ./Middlewares/USB_Device_Library/usbd_ctlreq.o
LOAD ./Middlewares/USB_Device_Library/usbd_ioreq.o
LOAD ./USB_DEVICE/App/usb_device.o
LOAD ./USB_DEVICE/App/usbd_cdc_if.o
LOAD ./USB_DEVICE/App/usbd_desc.o
LOAD ./USB_DEVICE/Target/usbd_conf.o
START GROUP
LOAD C:/ST/STM32CubeIDE_1.16.0/STM32CubeIDE/plugins/com.st.stm32cube.ide.mcu.externaltools.gnu-tools-for-stm32.12.3.rel1.win32_1.0.200.202406191623/tools/bin/../lib/gcc/arm-none-eabi/12.3.1/../../../../arm-none-eabi/lib/thumb/v7e-m+fp/hard\libc_nano.a
LOAD C:/ST/STM32CubeIDE_1.16.0/STM32CubeIDE/plugins/com.st.stm32cube.ide.mcu.externaltools.gnu-tools-for-stm32.12.3.rel1.win32_1.0.200.202406191623/tools/bin/../lib/gcc/arm-none-eabi/12.3.1/../../../../arm-none-eabi/lib/thumb/v7e-m+fp/hard\libm.a
END GROUP
START GROUP
LOAD C:/ST/STM32CubeIDE_1.16.0/STM32CubeIDE/plugins/com.st.stm32cube.ide.mcu.externaltools.gnu-tools-for-stm32.12.3.rel1.win32_1.0.200.202406191623/tools/bin/../lib/gcc/arm-none-eabi/12.3.1/thumb/v7e-m+fp/hard\libgcc.a
LOAD C:/ST/STM32CubeIDE_1.16.0/STM32CubeIDE/plugins/com.st.stm32cube.ide.mcu.externaltools.gnu-tools-for-stm32.12.3.rel1.win32_1.0.200.202406191623/tools/bin/../lib/gcc/arm-none-eabi/12.3.1/../../../../arm-none-eabi/lib/thumb/v7e-m+fp/hard\libc_nano.a
END GROUP
START GROUP
LOAD C:/ST/STM32CubeIDE_1.16.0/STM32CubeIDE/plugins/com.st.stm32cube.ide.mcu.externaltools.gnu-tools-for-stm32.12.3.rel1.win32_1.0.200.202406191623/tools/bin/../lib/gcc/arm-none-eabi/12.3.1/thumb/v7e-m+fp/hard\libgcc.a
LOAD C:/ST/STM32CubeIDE_1.16.0/STM32CubeIDE/plugins/com.st.stm32cube.ide.mcu.externaltools.gnu-tools-for-stm32.12.3.rel1.win32_1.0.200.202406191623/tools/bin/../lib/gcc/arm-none-eabi/12.3.1/../../../../arm-none-eabi/lib/thumb/v7e-m+fp/hard\libc_nano.a
LOAD C:/ST/STM32CubeIDE_1.16.0/STM32CubeIDE/plugins/com.st.stm32cube.ide.mcu.externaltools.gnu-tools-for-stm32.12.3.rel1.win32_1.0.200.202406191623/tools/bin/../lib/gcc/arm-none-eabi/12.3.1/../../../../arm-none-eabi/lib/thumb/v7e-m+fp/hard\libnosys.a
END GROUP
START GROUP
LOAD C:/ST/STM32CubeIDE_1.16.0/STM32CubeIDE/plugins/com.st.stm32cube.ide.mcu.externaltools.gnu-tools-for-stm32.12.3.rel1.win32_1.0.200.202406191623/tools/bin/../lib/gcc/arm-none-eabi/12.3.1/thumb/v7e-m+fp/hard\libgcc.a
LOAD C:/ST/STM32CubeIDE_1.16.0/STM32CubeIDE/plugins/com.st.stm32cube.ide.mcu.externaltools.gnu-tools-for-stm32.12.3.rel1.win32_1.0.200.202406191623/tools/bin/../lib/gcc/arm-none-eabi/12.3.1/../../../../arm-none-eabi/lib/thumb/v7e-m+fp/hard\libc_nano.a
LOAD C:/ST/STM32CubeIDE_1.16.0/STM32CubeIDE/plugins/com.st.stm32cube.ide.mcu.externaltools.gnu-tools-for-stm32.12.3.rel1.win32_1.0.200.202406191623/tools/bin/../lib/gcc/arm-none-eabi/12.3.1/../../../../arm-none-eabi/lib/thumb/v7e-m+fp/hard\libnosys.a
END GROUP
LOAD C:/ST/STM32CubeIDE_1.16.0/STM32CubeIDE/plugins/com.st.stm32cube.ide.mcu.externaltools.gnu-tools-for-stm32.12.3.rel1.win32_1.0.200.202406191623/tools/bin/../lib/gcc/arm-none-eabi/12.3.1/thumb/v7e-m+fp/hard/crtend.o
LOAD C:/ST/STM32CubeIDE_1.16.0/STM32CubeIDE/plugins/com.st.stm32cube.ide.mcu.externaltools.gnu-tools-for-stm32.12.3.rel1.win32_1.0.200.202406191623/tools/bin/../lib/gcc/arm-none-eabi/12.3.1/thumb/v7e-m+fp/hard/crtn.o
                0x20020000                        _estack = (ORIGIN (RAM) + LENGTH (RAM))
                0x00000200                        _Min_Heap_Size = 0x200
                0x00000400                        _Min_Stack_Size = 0x400

.isr_vector     0x08000000      0x188
                0x08000000                        . = ALIGN (0x4)
 *(.isr_vector)
 .isr_vector    0x08000000      0x188 ./Core/Startup/startup_stm32f407vgtx.o
                0x08000000                g_pfnVectors
                0x08000188                        . = ALIGN (0x4)

.text           0x08000188     0x6d00
                0x08000188                        . = ALIGN (0x4)
 *(.text)
 .text          0x08000188       0x40 C:/ST/STM32CubeIDE_1.16.0/STM32CubeIDE/plugins/com.st.stm32cube.ide.mcu.externaltools.gnu-tools-for-stm32.12.3.rel1.win32_1.0.200.202406191623/tools/bin/../lib/gcc/arm-none-eabi/12.3.1/thumb/v7e-m+fp/hard/crtbegin.o
 .text          0x080001c8       0x10 C:/ST/STM32CubeIDE_1.16.0/STM32CubeIDE/plugins/com.st.stm32cube.ide.mcu.externaltools.gnu-tools-for-stm32.12.3.rel1.win32_1.0.200.202406191623/tools/bin/../lib/gcc/arm-none-eabi/12.3.1/../../../../arm-none-eabi/lib/thumb/v7e-m+fp/hard\libc_nano.a(libc_a-strlen.o)
                0x080001c8                strlen
 .text          0x080001d8       0x30 C:/ST/STM32CubeIDE_1.16.0/STM32CubeIDE/plugins/com.st.stm32cube.ide.mcu.externaltools.gnu-tools-for-stm32.12.3.rel1.win32_1.0.200.202406191623/tools/bin/../lib/gcc/arm-none-eabi/12.3.1/thumb/v7e-m+fp/hard\libgcc.a(_aeabi_uldivmod.o)
                0x080001d8                __aeabi_uldivmod
 .text          0x08000208      0x2bc C:/ST/STM32CubeIDE_1.16.0/STM32CubeIDE/plugins/com.st.stm32cube.ide.mcu.externaltools.gnu-tools-for-stm32.12.3.rel1.win32_1.0.200.202406191623/tools/bin/../lib/gcc/arm-none-eabi/12.3.1/thumb/v7e-m+fp/hard\libgcc.a(_udivmoddi4.o)
                0x08000208                __udivmoddi4
 .text          0x080004c4        0x4 C:/ST/STM32CubeIDE_1.16.0/STM32CubeIDE/plugins/com.st.stm32cube.ide.mcu.externaltools.gnu-tools-for-stm32.12.3.rel1.win32_1.0.200.202406191623/tools/bin/../lib/gcc/arm-none-eabi/12.3.1/thumb/v7e-m+fp/hard\libgcc.a(_dvmd_tls.o)
                0x080004c4                __aeabi_idiv0
                0x080004c4                __aeabi_ldiv0
 *(.text*)
 .text.main     0x080004c8       0x60 ./Core/Src/main.o
                0x080004c8                main
 .text.Motor_Control
                0x08000528       0x7c ./Core/Src/main.o
                0x08000528                Motor_Control
 .text.Process_USB_Command
                0x080005a4       0x94 ./Core/Src/main.o
                0x080005a4                Process_USB_Command
 .text.CDC_Transmit_Data
                0x08000638       0x28 ./Core/Src/main.o
                0x08000638                CDC_Transmit_Data
 .text.GPIO_Init
                0x08000660       0x70 ./Core/Src/main.o
                0x08000660                GPIO_Init
 .text.SystemClock_Config
                0x080006d0       0xd4 ./Core/Src/main.o
                0x080006d0                SystemClock_Config
 .text.Error_Handler
                0x080007a4        0x8 ./Core/Src/main.o
                0x080007a4                Error_Handler
 .text.HAL_MspInit
                0x080007ac       0x50 ./Core/Src/stm32f4xx_hal_msp.o
                0x080007ac                HAL_MspInit
 .text.NMI_Handler
                0x080007fc        0x8 ./Core/Src/stm32f4xx_it.o
                0x080007fc                NMI_Handler
 .text.HardFault_Handler
                0x08000804        0x8 ./Core/Src/stm32f4xx_it.o
                0x08000804                HardFault_Handler
 .text.MemManage_Handler
                0x0800080c        0x8 ./Core/Src/stm32f4xx_it.o
                0x0800080c                MemManage_Handler
 .text.BusFault_Handler
                0x08000814        0x8 ./Core/Src/stm32f4xx_it.o
                0x08000814                BusFault_Handler
 .text.UsageFault_Handler
                0x0800081c        0x8 ./Core/Src/stm32f4xx_it.o
                0x0800081c                UsageFault_Handler
 .text.SVC_Handler
                0x08000824        0xe ./Core/Src/stm32f4xx_it.o
                0x08000824                SVC_Handler
 .text.DebugMon_Handler
                0x08000832        0xe ./Core/Src/stm32f4xx_it.o
                0x08000832                DebugMon_Handler
 .text.PendSV_Handler
                0x08000840        0xe ./Core/Src/stm32f4xx_it.o
                0x08000840                PendSV_Handler
 .text.SysTick_Handler
                0x0800084e        0xc ./Core/Src/stm32f4xx_it.o
                0x0800084e                SysTick_Handler
 *fill*         0x0800085a        0x2 
 .text.OTG_FS_IRQHandler
                0x0800085c       0x14 ./Core/Src/stm32f4xx_it.o
                0x0800085c                OTG_FS_IRQHandler
 .text.SystemInit
                0x08000870       0x24 ./Core/Src/system_stm32f4xx.o
                0x08000870                SystemInit
 .text.Reset_Handler
                0x08000894       0x50 ./Core/Startup/startup_stm32f407vgtx.o
                0x08000894                Reset_Handler
 .text.Default_Handler
                0x080008e4        0x2 ./Core/Startup/startup_stm32f407vgtx.o
                0x080008e4                RTC_Alarm_IRQHandler
                0x080008e4                HASH_RNG_IRQHandler
                0x080008e4                EXTI2_IRQHandler
                0x080008e4                TIM8_CC_IRQHandler
                0x080008e4                TIM1_CC_IRQHandler
                0x080008e4                DMA2_Stream5_IRQHandler
                0x080008e4                DMA1_Stream5_IRQHandler
                0x080008e4                PVD_IRQHandler
                0x080008e4                SDIO_IRQHandler
                0x080008e4                TAMP_STAMP_IRQHandler
                0x080008e4                CAN2_RX1_IRQHandler
                0x080008e4                EXTI3_IRQHandler
                0x080008e4                TIM8_TRG_COM_TIM14_IRQHandler
                0x080008e4                TIM1_UP_TIM10_IRQHandler
                0x080008e4                TIM8_UP_TIM13_IRQHandler
                0x080008e4                I2C3_ER_IRQHandler
                0x080008e4                EXTI0_IRQHandler
                0x080008e4                I2C2_EV_IRQHandler
                0x080008e4                DMA1_Stream2_IRQHandler
                0x080008e4                CAN1_RX0_IRQHandler
                0x080008e4                FPU_IRQHandler
                0x080008e4                OTG_HS_WKUP_IRQHandler
                0x080008e4                CAN2_SCE_IRQHandler
                0x080008e4                DMA2_Stream2_IRQHandler
                0x080008e4                SPI1_IRQHandler
                0x080008e4                TIM6_DAC_IRQHandler
                0x080008e4                TIM1_BRK_TIM9_IRQHandler
                0x080008e4                DCMI_IRQHandler
                0x080008e4                CAN2_RX0_IRQHandler
                0x080008e4                DMA2_Stream3_IRQHandler
                0x080008e4                USART6_IRQHandler
                0x080008e4                USART3_IRQHandler
                0x080008e4                CAN1_RX1_IRQHandler
                0x080008e4                UART5_IRQHandler
                0x080008e4                DMA2_Stream0_IRQHandler
                0x080008e4                TIM4_IRQHandler
                0x080008e4                I2C1_EV_IRQHandler
                0x080008e4                DMA1_Stream6_IRQHandler
                0x080008e4                DMA1_Stream1_IRQHandler
                0x080008e4                UART4_IRQHandler
                0x080008e4                TIM3_IRQHandler
                0x080008e4                RCC_IRQHandler
                0x080008e4                TIM8_BRK_TIM12_IRQHandler
                0x080008e4                Default_Handler
                0x080008e4                EXTI15_10_IRQHandler
                0x080008e4                ADC_IRQHandler
                0x080008e4                DMA1_Stream7_IRQHandler
                0x080008e4                TIM7_IRQHandler
                0x080008e4                CAN2_TX_IRQHandler
                0x080008e4                TIM5_IRQHandler
                0x080008e4                DMA2_Stream7_IRQHandler
                0x080008e4                I2C3_EV_IRQHandler
                0x080008e4                EXTI9_5_IRQHandler
                0x080008e4                RTC_WKUP_IRQHandler
                0x080008e4                ETH_WKUP_IRQHandler
                0x080008e4                SPI2_IRQHandler
                0x080008e4                OTG_HS_EP1_IN_IRQHandler
                0x080008e4                DMA1_Stream0_IRQHandler
                0x080008e4                CAN1_TX_IRQHandler
                0x080008e4                EXTI4_IRQHandler
                0x080008e4                FSMC_IRQHandler
                0x080008e4                ETH_IRQHandler
                0x080008e4                OTG_HS_EP1_OUT_IRQHandler
                0x080008e4                WWDG_IRQHandler
                0x080008e4                TIM2_IRQHandler
                0x080008e4                OTG_FS_WKUP_IRQHandler
                0x080008e4                TIM1_TRG_COM_TIM11_IRQHandler
                0x080008e4                OTG_HS_IRQHandler
                0x080008e4                EXTI1_IRQHandler
                0x080008e4                USART2_IRQHandler
                0x080008e4                I2C2_ER_IRQHandler
                0x080008e4                DMA2_Stream1_IRQHandler
                0x080008e4                CAN1_SCE_IRQHandler
                0x080008e4                FLASH_IRQHandler
                0x080008e4                DMA2_Stream4_IRQHandler
                0x080008e4                USART1_IRQHandler
                0x080008e4                SPI3_IRQHandler
                0x080008e4                DMA1_Stream4_IRQHandler
                0x080008e4                I2C1_ER_IRQHandler
                0x080008e4                DMA2_Stream6_IRQHandler
                0x080008e4                DMA1_Stream3_IRQHandler
 *fill*         0x080008e6        0x2 
 .text.HAL_Init
                0x080008e8       0x44 ./Drivers/STM32F4xx_HAL_Driver/stm32f4xx_hal.o
                0x080008e8                HAL_Init
 .text.HAL_InitTick
                0x0800092c       0x60 ./Drivers/STM32F4xx_HAL_Driver/stm32f4xx_hal.o
                0x0800092c                HAL_InitTick
 .text.HAL_IncTick
                0x0800098c       0x28 ./Drivers/STM32F4xx_HAL_Driver/stm32f4xx_hal.o
                0x0800098c                HAL_IncTick
 .text.HAL_GetTick
                0x080009b4       0x18 ./Drivers/STM32F4xx_HAL_Driver/stm32f4xx_hal.o
                0x080009b4                HAL_GetTick
 .text.HAL_Delay
                0x080009cc       0x48 ./Drivers/STM32F4xx_HAL_Driver/stm32f4xx_hal.o
                0x080009cc                HAL_Delay
 .text.__NVIC_SetPriorityGrouping
                0x08000a14       0x48 ./Drivers/STM32F4xx_HAL_Driver/stm32f4xx_hal_cortex.o
 .text.__NVIC_GetPriorityGrouping
                0x08000a5c       0x1c ./Drivers/STM32F4xx_HAL_Driver/stm32f4xx_hal_cortex.o
 .text.__NVIC_EnableIRQ
                0x08000a78       0x3c ./Drivers/STM32F4xx_HAL_Driver/stm32f4xx_hal_cortex.o
 .text.__NVIC_SetPriority
                0x08000ab4       0x54 ./Drivers/STM32F4xx_HAL_Driver/stm32f4xx_hal_cortex.o
 .text.NVIC_EncodePriority
                0x08000b08       0x66 ./Drivers/STM32F4xx_HAL_Driver/stm32f4xx_hal_cortex.o
 *fill*         0x08000b6e        0x2 
 .text.SysTick_Config
                0x08000b70       0x44 ./Drivers/STM32F4xx_HAL_Driver/stm32f4xx_hal_cortex.o
 .text.HAL_NVIC_SetPriorityGrouping
                0x08000bb4       0x16 ./Drivers/STM32F4xx_HAL_Driver/stm32f4xx_hal_cortex.o
                0x08000bb4                HAL_NVIC_SetPriorityGrouping
 .text.HAL_NVIC_SetPriority
                0x08000bca       0x38 ./Drivers/STM32F4xx_HAL_Driver/stm32f4xx_hal_cortex.o
                0x08000bca                HAL_NVIC_SetPriority
 .text.HAL_NVIC_EnableIRQ
                0x08000c02       0x1c ./Drivers/STM32F4xx_HAL_Driver/stm32f4xx_hal_cortex.o
                0x08000c02                HAL_NVIC_EnableIRQ
 .text.HAL_SYSTICK_Config
                0x08000c1e       0x18 ./Drivers/STM32F4xx_HAL_Driver/stm32f4xx_hal_cortex.o
                0x08000c1e                HAL_SYSTICK_Config
 *fill*         0x08000c36        0x2 
 .text.HAL_GPIO_Init
                0x08000c38      0x338 ./Drivers/STM32F4xx_HAL_Driver/stm32f4xx_hal_gpio.o
                0x08000c38                HAL_GPIO_Init
 .text.HAL_GPIO_WritePin
                0x08000f70       0x32 ./Drivers/STM32F4xx_HAL_Driver/stm32f4xx_hal_gpio.o
                0x08000f70                HAL_GPIO_WritePin
 .text.HAL_PCD_Init
                0x08000fa2      0x21e ./Drivers/STM32F4xx_HAL_Driver/stm32f4xx_hal_pcd.o
                0x08000fa2                HAL_PCD_Init
 .text.HAL_PCD_Start
                0x080011c0       0x6a ./Drivers/STM32F4xx_HAL_Driver/stm32f4xx_hal_pcd.o
                0x080011c0                HAL_PCD_Start
 .text.HAL_PCD_IRQHandler
                0x0800122a      0x942 ./Drivers/STM32F4xx_HAL_Driver/stm32f4xx_hal_pcd.o
                0x0800122a                HAL_PCD_IRQHandler
 .text.HAL_PCD_SetAddress
                0x08001b6c       0x48 ./Drivers/STM32F4xx_HAL_Driver/stm32f4xx_hal_pcd.o
                0x08001b6c                HAL_PCD_SetAddress
 .text.HAL_PCD_EP_Open
                0x08001bb4       0xd4 ./Drivers/STM32F4xx_HAL_Driver/stm32f4xx_hal_pcd.o
                0x08001bb4                HAL_PCD_EP_Open
 .text.HAL_PCD_EP_Close
                0x08001c88       0x94 ./Drivers/STM32F4xx_HAL_Driver/stm32f4xx_hal_pcd.o
                0x08001c88                HAL_PCD_EP_Close
 .text.HAL_PCD_EP_Receive
                0x08001d1c       0x76 ./Drivers/STM32F4xx_HAL_Driver/stm32f4xx_hal_pcd.o
                0x08001d1c                HAL_PCD_EP_Receive
 .text.HAL_PCD_EP_GetRxCount
                0x08001d92       0x30 ./Drivers/STM32F4xx_HAL_Driver/stm32f4xx_hal_pcd.o
                0x08001d92                HAL_PCD_EP_GetRxCount
 .text.HAL_PCD_EP_Transmit
                0x08001dc2       0x74 ./Drivers/STM32F4xx_HAL_Driver/stm32f4xx_hal_pcd.o
                0x08001dc2                HAL_PCD_EP_Transmit
 .text.HAL_PCD_EP_SetStall
                0x08001e36       0xc6 ./Drivers/STM32F4xx_HAL_Driver/stm32f4xx_hal_pcd.o
                0x08001e36                HAL_PCD_EP_SetStall
 .text.HAL_PCD_EP_ClrStall
                0x08001efc       0xac ./Drivers/STM32F4xx_HAL_Driver/stm32f4xx_hal_pcd.o
                0x08001efc                HAL_PCD_EP_ClrStall
 .text.HAL_PCD_EP_Abort
                0x08001fa8       0x62 ./Drivers/STM32F4xx_HAL_Driver/stm32f4xx_hal_pcd.o
                0x08001fa8                HAL_PCD_EP_Abort
 .text.PCD_WriteEmptyTxFifo
                0x0800200a      0x118 ./Drivers/STM32F4xx_HAL_Driver/stm32f4xx_hal_pcd.o
 *fill*         0x08002122        0x2 
 .text.PCD_EP_OutXfrComplete_int
                0x08002124      0x1d0 ./Drivers/STM32F4xx_HAL_Driver/stm32f4xx_hal_pcd.o
 .text.PCD_EP_OutSetupPacket_int
                0x080022f4       0x8c ./Drivers/STM32F4xx_HAL_Driver/stm32f4xx_hal_pcd.o
 .text.HAL_PCDEx_SetTxFiFo
                0x08002380       0x8e ./Drivers/STM32F4xx_HAL_Driver/stm32f4xx_hal_pcd_ex.o
                0x08002380                HAL_PCDEx_SetTxFiFo
 .text.HAL_PCDEx_SetRxFiFo
                0x0800240e       0x22 ./Drivers/STM32F4xx_HAL_Driver/stm32f4xx_hal_pcd_ex.o
                0x0800240e                HAL_PCDEx_SetRxFiFo
 .text.HAL_PCDEx_LPM_Callback
                0x08002430       0x18 ./Drivers/STM32F4xx_HAL_Driver/stm32f4xx_hal_pcd_ex.o
                0x08002430                HAL_PCDEx_LPM_Callback
 .text.HAL_RCC_OscConfig
                0x08002448      0x4f0 ./Drivers/STM32F4xx_HAL_Driver/stm32f4xx_hal_rcc.o
                0x08002448                HAL_RCC_OscConfig
 .text.HAL_RCC_ClockConfig
                0x08002938      0x1cc ./Drivers/STM32F4xx_HAL_Driver/stm32f4xx_hal_rcc.o
                0x08002938                HAL_RCC_ClockConfig
 .text.HAL_RCC_GetSysClockFreq
                0x08002b04      0x20c ./Drivers/STM32F4xx_HAL_Driver/stm32f4xx_hal_rcc.o
                0x08002b04                HAL_RCC_GetSysClockFreq
 .text.HAL_RCC_GetHCLKFreq
                0x08002d10       0x18 ./Drivers/STM32F4xx_HAL_Driver/stm32f4xx_hal_rcc.o
                0x08002d10                HAL_RCC_GetHCLKFreq
 .text.USB_CoreInit
                0x08002d28       0xc8 ./Drivers/STM32F4xx_HAL_Driver/stm32f4xx_ll_usb.o
                0x08002d28                USB_CoreInit
 .text.USB_SetTurnaroundTime
                0x08002df0      0x144 ./Drivers/STM32F4xx_HAL_Driver/stm32f4xx_ll_usb.o
                0x08002df0                USB_SetTurnaroundTime
 .text.USB_EnableGlobalInt
                0x08002f34       0x22 ./Drivers/STM32F4xx_HAL_Driver/stm32f4xx_ll_usb.o
                0x08002f34                USB_EnableGlobalInt
 .text.USB_DisableGlobalInt
                0x08002f56       0x22 ./Drivers/STM32F4xx_HAL_Driver/stm32f4xx_ll_usb.o
                0x08002f56                USB_DisableGlobalInt
 .text.USB_SetCurrentMode
                0x08002f78       0x98 ./Drivers/STM32F4xx_HAL_Driver/stm32f4xx_ll_usb.o
                0x08002f78                USB_SetCurrentMode
 .text.USB_DevInit
                0x08003010      0x2c8 ./Drivers/STM32F4xx_HAL_Driver/stm32f4xx_ll_usb.o
                0x08003010                USB_DevInit
 .text.USB_FlushTxFifo
                0x080032d8       0x64 ./Drivers/STM32F4xx_HAL_Driver/stm32f4xx_ll_usb.o
                0x080032d8                USB_FlushTxFifo
 .text.USB_FlushRxFifo
                0x0800333c       0x5c ./Drivers/STM32F4xx_HAL_Driver/stm32f4xx_ll_usb.o
                0x0800333c                USB_FlushRxFifo
 .text.USB_SetDevSpeed
                0x08003398       0x32 ./Drivers/STM32F4xx_HAL_Driver/stm32f4xx_ll_usb.o
                0x08003398                USB_SetDevSpeed
 .text.USB_GetDevSpeed
                0x080033ca       0x4a ./Drivers/STM32F4xx_HAL_Driver/stm32f4xx_ll_usb.o
                0x080033ca                USB_GetDevSpeed
 .text.USB_ActivateEndpoint
                0x08003414      0x10e ./Drivers/STM32F4xx_HAL_Driver/stm32f4xx_ll_usb.o
                0x08003414                USB_ActivateEndpoint
 *fill*         0x08003522        0x2 
 .text.USB_DeactivateEndpoint
                0x08003524      0x1b8 ./Drivers/STM32F4xx_HAL_Driver/stm32f4xx_ll_usb.o
                0x08003524                USB_DeactivateEndpoint
 .text.USB_EPStartXfer
                0x080036dc      0x53c ./Drivers/STM32F4xx_HAL_Driver/stm32f4xx_ll_usb.o
                0x080036dc                USB_EPStartXfer
 .text.USB_EPStopXfer
                0x08003c18      0x154 ./Drivers/STM32F4xx_HAL_Driver/stm32f4xx_ll_usb.o
                0x08003c18                USB_EPStopXfer
 .text.USB_WritePacket
                0x08003d6c       0x7c ./Drivers/STM32F4xx_HAL_Driver/stm32f4xx_ll_usb.o
                0x08003d6c                USB_WritePacket
 .text.USB_ReadPacket
                0x08003de8       0xb0 ./Drivers/STM32F4xx_HAL_Driver/stm32f4xx_ll_usb.o
                0x08003de8                USB_ReadPacket
 .text.USB_EPSetStall
                0x08003e98       0xdc ./Drivers/STM32F4xx_HAL_Driver/stm32f4xx_ll_usb.o
                0x08003e98                USB_EPSetStall
 .text.USB_EPClearStall
                0x08003f74       0xcc ./Drivers/STM32F4xx_HAL_Driver/stm32f4xx_ll_usb.o
                0x08003f74                USB_EPClearStall
 .text.USB_SetDevAddress
                0x08004040       0x4c ./Drivers/STM32F4xx_HAL_Driver/stm32f4xx_ll_usb.o
                0x08004040                USB_SetDevAddress
 .text.USB_DevConnect
                0x0800408c       0x42 ./Drivers/STM32F4xx_HAL_Driver/stm32f4xx_ll_usb.o
                0x0800408c                USB_DevConnect
 .text.USB_DevDisconnect
                0x080040ce       0x42 ./Drivers/STM32F4xx_HAL_Driver/stm32f4xx_ll_usb.o
                0x080040ce                USB_DevDisconnect
 .text.USB_ReadInterrupts
                0x08004110       0x26 ./Drivers/STM32F4xx_HAL_Driver/stm32f4xx_ll_usb.o
                0x08004110                USB_ReadInterrupts
 .text.USB_ReadDevAllOutEpInterrupt
                0x08004136       0x34 ./Drivers/STM32F4xx_HAL_Driver/stm32f4xx_ll_usb.o
                0x08004136                USB_ReadDevAllOutEpInterrupt
 .text.USB_ReadDevAllInEpInterrupt
                0x0800416a       0x34 ./Drivers/STM32F4xx_HAL_Driver/stm32f4xx_ll_usb.o
                0x0800416a                USB_ReadDevAllInEpInterrupt
 .text.USB_ReadDevOutEPInterrupt
                0x0800419e       0x3c ./Drivers/STM32F4xx_HAL_Driver/stm32f4xx_ll_usb.o
                0x0800419e                USB_ReadDevOutEPInterrupt
 .text.USB_ReadDevInEPInterrupt
                0x080041da       0x5c ./Drivers/STM32F4xx_HAL_Driver/stm32f4xx_ll_usb.o
                0x080041da                USB_ReadDevInEPInterrupt
 .text.USB_GetMode
                0x08004236       0x1c ./Drivers/STM32F4xx_HAL_Driver/stm32f4xx_ll_usb.o
                0x08004236                USB_GetMode
 .text.USB_ActivateSetup
                0x08004252       0x46 ./Drivers/STM32F4xx_HAL_Driver/stm32f4xx_ll_usb.o
                0x08004252                USB_ActivateSetup
 .text.USB_EP0_OutStart
                0x08004298       0xbc ./Drivers/STM32F4xx_HAL_Driver/stm32f4xx_ll_usb.o
                0x08004298                USB_EP0_OutStart
 .text.USB_CoreReset
                0x08004354       0x62 ./Drivers/STM32F4xx_HAL_Driver/stm32f4xx_ll_usb.o
 *fill*         0x080043b6        0x2 
 .text.USBD_CDC_Init
                0x080043b8      0x1f0 ./Middlewares/USB_Device_Library/usbd_cdc.o
 .text.USBD_CDC_DeInit
                0x080045a8      0x104 ./Middlewares/USB_Device_Library/usbd_cdc.o
 .text.USBD_CDC_Setup
                0x080046ac      0x1b8 ./Middlewares/USB_Device_Library/usbd_cdc.o
 .text.USBD_CDC_DataIn
                0x08004864       0xfe ./Middlewares/USB_Device_Library/usbd_cdc.o
 .text.USBD_CDC_DataOut
                0x08004962       0x70 ./Middlewares/USB_Device_Library/usbd_cdc.o
 .text.USBD_CDC_EP0_RxReady
                0x080049d2       0x74 ./Middlewares/USB_Device_Library/usbd_cdc.o
 *fill*         0x08004a46        0x2 
 .text.USBD_CDC_GetFSCfgDesc
                0x08004a48       0x70 ./Middlewares/USB_Device_Library/usbd_cdc.o
 .text.USBD_CDC_GetHSCfgDesc
                0x08004ab8       0x70 ./Middlewares/USB_Device_Library/usbd_cdc.o
 .text.USBD_CDC_GetOtherSpeedCfgDesc
                0x08004b28       0x70 ./Middlewares/USB_Device_Library/usbd_cdc.o
 .text.USBD_CDC_GetDeviceQualifierDescriptor
                0x08004b98       0x20 ./Middlewares/USB_Device_Library/usbd_cdc.o
                0x08004b98                USBD_CDC_GetDeviceQualifierDescriptor
 .text.USBD_CDC_RegisterInterface
                0x08004bb8       0x34 ./Middlewares/USB_Device_Library/usbd_cdc.o
                0x08004bb8                USBD_CDC_RegisterInterface
 .text.USBD_CDC_SetTxBuffer
                0x08004bec       0x44 ./Middlewares/USB_Device_Library/usbd_cdc.o
                0x08004bec                USBD_CDC_SetTxBuffer
 .text.USBD_CDC_SetRxBuffer
                0x08004c30       0x3a ./Middlewares/USB_Device_Library/usbd_cdc.o
                0x08004c30                USBD_CDC_SetRxBuffer
 *fill*         0x08004c6a        0x2 
 .text.USBD_CDC_TransmitPacket
                0x08004c6c       0x80 ./Middlewares/USB_Device_Library/usbd_cdc.o
                0x08004c6c                USBD_CDC_TransmitPacket
 .text.USBD_CDC_ReceivePacket
                0x08004cec       0x6c ./Middlewares/USB_Device_Library/usbd_cdc.o
                0x08004cec                USBD_CDC_ReceivePacket
 .text.USBD_Init
                0x08004d58       0x60 ./Middlewares/USB_Device_Library/usbd_core.o
                0x08004d58                USBD_Init
 .text.USBD_RegisterClass
                0x08004db8       0x6c ./Middlewares/USB_Device_Library/usbd_core.o
                0x08004db8                USBD_RegisterClass
 .text.USBD_Start
                0x08004e24       0x18 ./Middlewares/USB_Device_Library/usbd_core.o
                0x08004e24                USBD_Start
 .text.USBD_RunTestMode
                0x08004e3c       0x16 ./Middlewares/USB_Device_Library/usbd_core.o
                0x08004e3c                USBD_RunTestMode
 .text.USBD_SetClassConfig
                0x08004e52       0x38 ./Middlewares/USB_Device_Library/usbd_core.o
                0x08004e52                USBD_SetClassConfig
 .text.USBD_ClrClassConfig
                0x08004e8a       0x34 ./Middlewares/USB_Device_Library/usbd_core.o
                0x08004e8a                USBD_ClrClassConfig
 .text.USBD_LL_SetupStage
                0x08004ebe       0xaa ./Middlewares/USB_Device_Library/usbd_core.o
                0x08004ebe                USBD_LL_SetupStage
 .text.USBD_LL_DataOutStage
                0x08004f68      0x166 ./Middlewares/USB_Device_Library/usbd_core.o
                0x08004f68                USBD_LL_DataOutStage
 .text.USBD_LL_DataInStage
                0x080050ce      0x164 ./Middlewares/USB_Device_Library/usbd_core.o
                0x080050ce                USBD_LL_DataInStage
 .text.USBD_LL_Reset
                0x08005232       0xa4 ./Middlewares/USB_Device_Library/usbd_core.o
                0x08005232                USBD_LL_Reset
 .text.USBD_LL_SetSpeed
                0x080052d6       0x20 ./Middlewares/USB_Device_Library/usbd_core.o
                0x080052d6                USBD_LL_SetSpeed
 .text.USBD_LL_Suspend
                0x080052f6       0x38 ./Middlewares/USB_Device_Library/usbd_core.o
                0x080052f6                USBD_LL_Suspend
 .text.USBD_LL_Resume
                0x0800532e       0x30 ./Middlewares/USB_Device_Library/usbd_core.o
                0x0800532e                USBD_LL_Resume
 .text.USBD_LL_SOF
                0x0800535e       0x40 ./Middlewares/USB_Device_Library/usbd_core.o
                0x0800535e                USBD_LL_SOF
 .text.USBD_LL_IsoINIncomplete
                0x0800539e       0x64 ./Middlewares/USB_Device_Library/usbd_core.o
                0x0800539e                USBD_LL_IsoINIncomplete
 .text.USBD_LL_IsoOUTIncomplete
                0x08005402       0x64 ./Middlewares/USB_Device_Library/usbd_core.o
                0x08005402                USBD_LL_IsoOUTIncomplete
 .text.USBD_LL_DevConnected
                0x08005466       0x16 ./Middlewares/USB_Device_Library/usbd_core.o
                0x08005466                USBD_LL_DevConnected
 .text.USBD_LL_DevDisconnected
                0x0800547c       0x46 ./Middlewares/USB_Device_Library/usbd_core.o
                0x0800547c                USBD_LL_DevDisconnected
 .text.USBD_CoreFindIF
                0x080054c2       0x1a ./Middlewares/USB_Device_Library/usbd_core.o
                0x080054c2                USBD_CoreFindIF
 .text.USBD_CoreFindEP
                0x080054dc       0x1a ./Middlewares/USB_Device_Library/usbd_core.o
                0x080054dc                USBD_CoreFindEP
 .text.USBD_GetEpDesc
                0x080054f6       0x70 ./Middlewares/USB_Device_Library/usbd_core.o
                0x080054f6                USBD_GetEpDesc
 .text.USBD_GetNextDesc
                0x08005566       0x38 ./Middlewares/USB_Device_Library/usbd_core.o
                0x08005566                USBD_GetNextDesc
 .text.SWAPBYTE
                0x0800559e       0x3c ./Middlewares/USB_Device_Library/usbd_ctlreq.o
 *fill*         0x080055da        0x2 
 .text.USBD_StdDevReq
                0x080055dc       0xe4 ./Middlewares/USB_Device_Library/usbd_ctlreq.o
                0x080055dc                USBD_StdDevReq
 .text.USBD_StdItfReq
                0x080056c0       0xd8 ./Middlewares/USB_Device_Library/usbd_ctlreq.o
                0x080056c0                USBD_StdItfReq
 .text.USBD_StdEPReq
                0x08005798      0x33a ./Middlewares/USB_Device_Library/usbd_ctlreq.o
                0x08005798                USBD_StdEPReq
 *fill*         0x08005ad2        0x2 
 .text.USBD_GetDescriptor
                0x08005ad4      0x2d4 ./Middlewares/USB_Device_Library/usbd_ctlreq.o
 .text.USBD_SetAddress
                0x08005da8       0x88 ./Middlewares/USB_Device_Library/usbd_ctlreq.o
 .text.USBD_SetConfig
                0x08005e30      0x154 ./Middlewares/USB_Device_Library/usbd_ctlreq.o
 .text.USBD_GetConfig
                0x08005f84       0x6c ./Middlewares/USB_Device_Library/usbd_ctlreq.o
 .text.USBD_GetStatus
                0x08005ff0       0x68 ./Middlewares/USB_Device_Library/usbd_ctlreq.o
 .text.USBD_SetFeature
                0x08006058       0x52 ./Middlewares/USB_Device_Library/usbd_ctlreq.o
 .text.USBD_ClrFeature
                0x080060aa       0x44 ./Middlewares/USB_Device_Library/usbd_ctlreq.o
 .text.USBD_ParseSetupRequest
                0x080060ee       0x74 ./Middlewares/USB_Device_Library/usbd_ctlreq.o
                0x080060ee                USBD_ParseSetupRequest
 .text.USBD_CtlError
                0x08006162       0x22 ./Middlewares/USB_Device_Library/usbd_ctlreq.o
                0x08006162                USBD_CtlError
 .text.USBD_GetString
                0x08006184       0xa4 ./Middlewares/USB_Device_Library/usbd_ctlreq.o
                0x08006184                USBD_GetString
 .text.USBD_GetLen
                0x08006228       0x34 ./Middlewares/USB_Device_Library/usbd_ctlreq.o
 .text.USBD_CtlSendData
                0x0800625c       0x36 ./Middlewares/USB_Device_Library/usbd_ioreq.o
                0x0800625c                USBD_CtlSendData
 .text.USBD_CtlContinueSendData
                0x08006292       0x22 ./Middlewares/USB_Device_Library/usbd_ioreq.o
                0x08006292                USBD_CtlContinueSendData
 .text.USBD_CtlPrepareRx
                0x080062b4       0x3a ./Middlewares/USB_Device_Library/usbd_ioreq.o
                0x080062b4                USBD_CtlPrepareRx
 .text.USBD_CtlContinueRx
                0x080062ee       0x22 ./Middlewares/USB_Device_Library/usbd_ioreq.o
                0x080062ee                USBD_CtlContinueRx
 .text.USBD_CtlSendStatus
                0x08006310       0x26 ./Middlewares/USB_Device_Library/usbd_ioreq.o
                0x08006310                USBD_CtlSendStatus
 .text.USBD_CtlReceiveStatus
                0x08006336       0x26 ./Middlewares/USB_Device_Library/usbd_ioreq.o
                0x08006336                USBD_CtlReceiveStatus
 .text.MX_USB_DEVICE_Init
                0x0800635c       0x60 ./USB_DEVICE/App/usb_device.o
                0x0800635c                MX_USB_DEVICE_Init
 .text.CDC_Init_FS
                0x080063bc       0x28 ./USB_DEVICE/App/usbd_cdc_if.o
 .text.CDC_DeInit_FS
                0x080063e4       0x10 ./USB_DEVICE/App/usbd_cdc_if.o
 .text.CDC_Control_FS
                0x080063f4       0xbc ./USB_DEVICE/App/usbd_cdc_if.o
 .text.CDC_Receive_FS
                0x080064b0       0x54 ./USB_DEVICE/App/usbd_cdc_if.o
 .text.CDC_Transmit_FS
                0x08006504       0x4c ./USB_DEVICE/App/usbd_cdc_if.o
                0x08006504                CDC_Transmit_FS
 .text.CDC_TransmitCplt_FS
                0x08006550       0x22 ./USB_DEVICE/App/usbd_cdc_if.o
 *fill*         0x08006572        0x2 
 .text.USBD_FS_DeviceDescriptor
                0x08006574       0x24 ./USB_DEVICE/App/usbd_desc.o
                0x08006574                USBD_FS_DeviceDescriptor
 .text.USBD_FS_LangIDStrDescriptor
                0x08006598       0x24 ./USB_DEVICE/App/usbd_desc.o
                0x08006598                USBD_FS_LangIDStrDescriptor
 .text.USBD_FS_ProductStrDescriptor
                0x080065bc       0x3c ./USB_DEVICE/App/usbd_desc.o
                0x080065bc                USBD_FS_ProductStrDescriptor
 .text.USBD_FS_ManufacturerStrDescriptor
                0x080065f8       0x28 ./USB_DEVICE/App/usbd_desc.o
                0x080065f8                USBD_FS_ManufacturerStrDescriptor
 .text.USBD_FS_SerialStrDescriptor
                0x08006620       0x24 ./USB_DEVICE/App/usbd_desc.o
                0x08006620                USBD_FS_SerialStrDescriptor
 .text.USBD_FS_ConfigStrDescriptor
                0x08006644       0x3c ./USB_DEVICE/App/usbd_desc.o
                0x08006644                USBD_FS_ConfigStrDescriptor
 .text.USBD_FS_InterfaceStrDescriptor
                0x08006680       0x3c ./USB_DEVICE/App/usbd_desc.o
                0x08006680                USBD_FS_InterfaceStrDescriptor
 .text.Get_SerialNum
                0x080066bc       0x58 ./USB_DEVICE/App/usbd_desc.o
 .text.IntToUnicode
                0x08006714       0x7e ./USB_DEVICE/App/usbd_desc.o
 *fill*         0x08006792        0x2 
 .text.HAL_PCD_MspInit
                0x08006794       0xc4 ./USB_DEVICE/Target/usbd_conf.o
                0x08006794                HAL_PCD_MspInit
 .text.HAL_PCD_SetupStageCallback
                0x08006858       0x24 ./USB_DEVICE/Target/usbd_conf.o
                0x08006858                HAL_PCD_SetupStageCallback
 .text.HAL_PCD_DataOutStageCallback
                0x0800687c       0x36 ./USB_DEVICE/Target/usbd_conf.o
                0x0800687c                HAL_PCD_DataOutStageCallback
 .text.HAL_PCD_DataInStageCallback
                0x080068b2       0x34 ./USB_DEVICE/Target/usbd_conf.o
                0x080068b2                HAL_PCD_DataInStageCallback
 .text.HAL_PCD_SOFCallback
                0x080068e6       0x1c ./USB_DEVICE/Target/usbd_conf.o
                0x080068e6                HAL_PCD_SOFCallback
 .text.HAL_PCD_ResetCallback
                0x08006902       0x50 ./USB_DEVICE/Target/usbd_conf.o
                0x08006902                HAL_PCD_ResetCallback
 *fill*         0x08006952        0x2 
 .text.HAL_PCD_SuspendCallback
                0x08006954       0x4c ./USB_DEVICE/Target/usbd_conf.o
                0x08006954                HAL_PCD_SuspendCallback
 .text.HAL_PCD_ResumeCallback
                0x080069a0       0x1c ./USB_DEVICE/Target/usbd_conf.o
                0x080069a0                HAL_PCD_ResumeCallback
 .text.HAL_PCD_ISOOUTIncompleteCallback
                0x080069bc       0x24 ./USB_DEVICE/Target/usbd_conf.o
                0x080069bc                HAL_PCD_ISOOUTIncompleteCallback
 .text.HAL_PCD_ISOINIncompleteCallback
                0x080069e0       0x24 ./USB_DEVICE/Target/usbd_conf.o
                0x080069e0                HAL_PCD_ISOINIncompleteCallback
 .text.HAL_PCD_ConnectCallback
                0x08006a04       0x1c ./USB_DEVICE/Target/usbd_conf.o
                0x08006a04                HAL_PCD_ConnectCallback
 .text.HAL_PCD_DisconnectCallback
                0x08006a20       0x1c ./USB_DEVICE/Target/usbd_conf.o
                0x08006a20                HAL_PCD_DisconnectCallback
 .text.USBD_LL_Init
                0x08006a3c       0x98 ./USB_DEVICE/Target/usbd_conf.o
                0x08006a3c                USBD_LL_Init
 .text.USBD_LL_Start
                0x08006ad4       0x36 ./USB_DEVICE/Target/usbd_conf.o
                0x08006ad4                USBD_LL_Start
 .text.USBD_LL_OpenEP
                0x08006b0a       0x4c ./USB_DEVICE/Target/usbd_conf.o
                0x08006b0a                USBD_LL_OpenEP
 .text.USBD_LL_CloseEP
                0x08006b56       0x3e ./USB_DEVICE/Target/usbd_conf.o
                0x08006b56                USBD_LL_CloseEP
 .text.USBD_LL_StallEP
                0x08006b94       0x3e ./USB_DEVICE/Target/usbd_conf.o
                0x08006b94                USBD_LL_StallEP
 .text.USBD_LL_ClearStallEP
                0x08006bd2       0x3e ./USB_DEVICE/Target/usbd_conf.o
                0x08006bd2                USBD_LL_ClearStallEP
 .text.USBD_LL_IsStallEP
                0x08006c10       0x58 ./USB_DEVICE/Target/usbd_conf.o
                0x08006c10                USBD_LL_IsStallEP
 .text.USBD_LL_SetUSBAddress
                0x08006c68       0x3e ./USB_DEVICE/Target/usbd_conf.o
                0x08006c68                USBD_LL_SetUSBAddress
 .text.USBD_LL_Transmit
                0x08006ca6       0x42 ./USB_DEVICE/Target/usbd_conf.o
                0x08006ca6                USBD_LL_Transmit
 .text.USBD_LL_PrepareReceive
                0x08006ce8       0x42 ./USB_DEVICE/Target/usbd_conf.o
                0x08006ce8                USBD_LL_PrepareReceive
 .text.USBD_LL_GetRxDataSize
                0x08006d2a       0x26 ./USB_DEVICE/Target/usbd_conf.o
                0x08006d2a                USBD_LL_GetRxDataSize
 .text.USBD_static_malloc
                0x08006d50       0x1c ./USB_DEVICE/Target/usbd_conf.o
                0x08006d50                USBD_static_malloc
 .text.USBD_static_free
                0x08006d6c       0x14 ./USB_DEVICE/Target/usbd_conf.o
                0x08006d6c                USBD_static_free
 .text.USBD_Get_USB_Status
                0x08006d80       0x58 ./USB_DEVICE/Target/usbd_conf.o
                0x08006d80                USBD_Get_USB_Status
 .text.memset   0x08006dd8       0x10 C:/ST/STM32CubeIDE_1.16.0/STM32CubeIDE/plugins/com.st.stm32cube.ide.mcu.externaltools.gnu-tools-for-stm32.12.3.rel1.win32_1.0.200.202406191623/tools/bin/../lib/gcc/arm-none-eabi/12.3.1/../../../../arm-none-eabi/lib/thumb/v7e-m+fp/hard\libc_nano.a(libc_a-memset.o)
                0x08006dd8                memset
 .text.strncmp  0x08006de8       0x24 C:/ST/STM32CubeIDE_1.16.0/STM32CubeIDE/plugins/com.st.stm32cube.ide.mcu.externaltools.gnu-tools-for-stm32.12.3.rel1.win32_1.0.200.202406191623/tools/bin/../lib/gcc/arm-none-eabi/12.3.1/../../../../arm-none-eabi/lib/thumb/v7e-m+fp/hard\libc_nano.a(libc_a-strncmp.o)
                0x08006de8                strncmp
 .text.__libc_init_array
                0x08006e0c       0x48 C:/ST/STM32CubeIDE_1.16.0/STM32CubeIDE/plugins/com.st.stm32cube.ide.mcu.externaltools.gnu-tools-for-stm32.12.3.rel1.win32_1.0.200.202406191623/tools/bin/../lib/gcc/arm-none-eabi/12.3.1/../../../../arm-none-eabi/lib/thumb/v7e-m+fp/hard\libc_nano.a(libc_a-init.o)
                0x08006e0c                __libc_init_array
 .text.memcpy   0x08006e54       0x1c C:/ST/STM32CubeIDE_1.16.0/STM32CubeIDE/plugins/com.st.stm32cube.ide.mcu.externaltools.gnu-tools-for-stm32.12.3.rel1.win32_1.0.200.202406191623/tools/bin/../lib/gcc/arm-none-eabi/12.3.1/../../../../arm-none-eabi/lib/thumb/v7e-m+fp/hard\libc_nano.a(libc_a-memcpy-stub.o)
                0x08006e54                memcpy
 *(.glue_7)
 .glue_7        0x08006e70        0x0 linker stubs
 *(.glue_7t)
 .glue_7t       0x08006e70        0x0 linker stubs
 *(.eh_frame)
 .eh_frame      0x08006e70        0x0 C:/ST/STM32CubeIDE_1.16.0/STM32CubeIDE/plugins/com.st.stm32cube.ide.mcu.externaltools.gnu-tools-for-stm32.12.3.rel1.win32_1.0.200.202406191623/tools/bin/../lib/gcc/arm-none-eabi/12.3.1/thumb/v7e-m+fp/hard/crtbegin.o
 *(.init)
 .init          0x08006e70        0x4 C:/ST/STM32CubeIDE_1.16.0/STM32CubeIDE/plugins/com.st.stm32cube.ide.mcu.externaltools.gnu-tools-for-stm32.12.3.rel1.win32_1.0.200.202406191623/tools/bin/../lib/gcc/arm-none-eabi/12.3.1/thumb/v7e-m+fp/hard/crti.o
                0x08006e70                _init
 .init          0x08006e74        0x8 C:/ST/STM32CubeIDE_1.16.0/STM32CubeIDE/plugins/com.st.stm32cube.ide.mcu.externaltools.gnu-tools-for-stm32.12.3.rel1.win32_1.0.200.202406191623/tools/bin/../lib/gcc/arm-none-eabi/12.3.1/thumb/v7e-m+fp/hard/crtn.o
 *(.fini)
 .fini          0x08006e7c        0x4 C:/ST/STM32CubeIDE_1.16.0/STM32CubeIDE/plugins/com.st.stm32cube.ide.mcu.externaltools.gnu-tools-for-stm32.12.3.rel1.win32_1.0.200.202406191623/tools/bin/../lib/gcc/arm-none-eabi/12.3.1/thumb/v7e-m+fp/hard/crti.o
                0x08006e7c                _fini
 .fini          0x08006e80        0x8 C:/ST/STM32CubeIDE_1.16.0/STM32CubeIDE/plugins/com.st.stm32cube.ide.mcu.externaltools.gnu-tools-for-stm32.12.3.rel1.win32_1.0.200.202406191623/tools/bin/../lib/gcc/arm-none-eabi/12.3.1/thumb/v7e-m+fp/hard/crtn.o
                0x08006e88                        . = ALIGN (0x4)
                0x08006e88                        _etext = .

.vfp11_veneer   0x08006e88        0x0
 .vfp11_veneer  0x08006e88        0x0 linker stubs

.v4_bx          0x08006e88        0x0
 .v4_bx         0x08006e88        0x0 linker stubs

.iplt           0x08006e88        0x0
 .iplt          0x08006e88        0x0 C:/ST/STM32CubeIDE_1.16.0/STM32CubeIDE/plugins/com.st.stm32cube.ide.mcu.externaltools.gnu-tools-for-stm32.12.3.rel1.win32_1.0.200.202406191623/tools/bin/../lib/gcc/arm-none-eabi/12.3.1/thumb/v7e-m+fp/hard/crtbegin.o

.rodata         0x08006e88       0xec
                0x08006e88                        . = ALIGN (0x4)
 *(.rodata)
 .rodata        0x08006e88       0x95 ./Core/Src/main.o
 *fill*         0x08006f1d        0x3 
 .rodata        0x08006f20       0x42 ./USB_DEVICE/App/usbd_desc.o
 *(.rodata*)
 *fill*         0x08006f62        0x2 
 .rodata.AHBPrescTable
                0x08006f64       0x10 ./Core/Src/system_stm32f4xx.o
                0x08006f64                AHBPrescTable
                0x08006f74                        . = ALIGN (0x4)

.ARM.extab      0x08006f74        0x0
                0x08006f74                        . = ALIGN (0x4)
 *(.ARM.extab* .gnu.linkonce.armextab.*)
                0x08006f74                        . = ALIGN (0x4)

.ARM            0x08006f74        0x8
                0x08006f74                        . = ALIGN (0x4)
                0x08006f74                        __exidx_start = .
 *(.ARM.exidx*)
 .ARM.exidx     0x08006f74        0x8 C:/ST/STM32CubeIDE_1.16.0/STM32CubeIDE/plugins/com.st.stm32cube.ide.mcu.externaltools.gnu-tools-for-stm32.12.3.rel1.win32_1.0.200.202406191623/tools/bin/../lib/gcc/arm-none-eabi/12.3.1/../../../../arm-none-eabi/lib/thumb/v7e-m+fp/hard\libc_nano.a(libc_a-strlen.o)
 .ARM.exidx     0x08006f7c        0x0 C:/ST/STM32CubeIDE_1.16.0/STM32CubeIDE/plugins/com.st.stm32cube.ide.mcu.externaltools.gnu-tools-for-stm32.12.3.rel1.win32_1.0.200.202406191623/tools/bin/../lib/gcc/arm-none-eabi/12.3.1/thumb/v7e-m+fp/hard\libgcc.a(_udivmoddi4.o)
                                  0x8 (size before relaxing)
                0x08006f7c                        __exidx_end = .
                0x08006f7c                        . = ALIGN (0x4)

.preinit_array  0x08006f7c        0x0
                0x08006f7c                        . = ALIGN (0x4)
                0x08006f7c                        PROVIDE (__preinit_array_start = .)
 *(.preinit_array*)
                0x08006f7c                        PROVIDE (__preinit_array_end = .)
                0x08006f7c                        . = ALIGN (0x4)

.init_array     0x08006f7c        0x4
                0x08006f7c                        . = ALIGN (0x4)
                0x08006f7c                        PROVIDE (__init_array_start = .)
 *(SORT_BY_NAME(.init_array.*))
 *(.init_array*)
 .init_array    0x08006f7c        0x4 C:/ST/STM32CubeIDE_1.16.0/STM32CubeIDE/plugins/com.st.stm32cube.ide.mcu.externaltools.gnu-tools-for-stm32.12.3.rel1.win32_1.0.200.202406191623/tools/bin/../lib/gcc/arm-none-eabi/12.3.1/thumb/v7e-m+fp/hard/crtbegin.o
                0x08006f80                        PROVIDE (__init_array_end = .)
                0x08006f80                        . = ALIGN (0x4)

.fini_array     0x08006f80        0x4
                0x08006f80                        . = ALIGN (0x4)
                [!provide]                        PROVIDE (__fini_array_start = .)
 *(SORT_BY_NAME(.fini_array.*))
 *(.fini_array*)
 .fini_array    0x08006f80        0x4 C:/ST/STM32CubeIDE_1.16.0/STM32CubeIDE/plugins/com.st.stm32cube.ide.mcu.externaltools.gnu-tools-for-stm32.12.3.rel1.win32_1.0.200.202406191623/tools/bin/../lib/gcc/arm-none-eabi/12.3.1/thumb/v7e-m+fp/hard/crtbegin.o
                [!provide]                        PROVIDE (__fini_array_end = .)
                0x08006f84                        . = ALIGN (0x4)
                0x08006f84                        _sidata = LOADADDR (.data)

.rel.dyn        0x08006f84        0x0
 .rel.iplt      0x08006f84        0x0 C:/ST/STM32CubeIDE_1.16.0/STM32CubeIDE/plugins/com.st.stm32cube.ide.mcu.externaltools.gnu-tools-for-stm32.12.3.rel1.win32_1.0.200.202406191623/tools/bin/../lib/gcc/arm-none-eabi/12.3.1/thumb/v7e-m+fp/hard/crtbegin.o

.data           0x20000000       0xfc load address 0x08006f84
                0x20000000                        . = ALIGN (0x4)
                0x20000000                        _sdata = .
 *(.data)
 *(.data*)
 .data.SystemCoreClock
                0x20000000        0x4 ./Core/Src/system_stm32f4xx.o
                0x20000000                SystemCoreClock
 .data.uwTickPrio
                0x20000004        0x4 ./Drivers/STM32F4xx_HAL_Driver/stm32f4xx_hal.o
                0x20000004                uwTickPrio
 .data.uwTickFreq
                0x20000008        0x1 ./Drivers/STM32F4xx_HAL_Driver/stm32f4xx_hal.o
                0x20000008                uwTickFreq
 *fill*         0x20000009        0x3 
 .data.USBD_CDC_DeviceQualifierDesc
                0x2000000c        0xa ./Middlewares/USB_Device_Library/usbd_cdc.o
 *fill*         0x20000016        0x2 
 .data.USBD_CDC
                0x20000018       0x38 ./Middlewares/USB_Device_Library/usbd_cdc.o
                0x20000018                USBD_CDC
 .data.USBD_CDC_CfgDesc
                0x20000050       0x43 ./Middlewares/USB_Device_Library/usbd_cdc.o
 .data.CDCInEpAdd
                0x20000093        0x1 ./Middlewares/USB_Device_Library/usbd_cdc.o
 .data.CDCOutEpAdd
                0x20000094        0x1 ./Middlewares/USB_Device_Library/usbd_cdc.o
 .data.CDCCmdEpAdd
                0x20000095        0x1 ./Middlewares/USB_Device_Library/usbd_cdc.o
 *fill*         0x20000096        0x2 
 .data.USBD_Interface_fops_FS
                0x20000098       0x14 ./USB_DEVICE/App/usbd_cdc_if.o
                0x20000098                USBD_Interface_fops_FS
 .data.FS_Desc  0x200000ac       0x1c ./USB_DEVICE/App/usbd_desc.o
                0x200000ac                FS_Desc
 .data.USBD_FS_DeviceDesc
                0x200000c8       0x12 ./USB_DEVICE/App/usbd_desc.o
                0x200000c8                USBD_FS_DeviceDesc
 *fill*         0x200000da        0x2 
 .data.USBD_LangIDDesc
                0x200000dc        0x4 ./USB_DEVICE/App/usbd_desc.o
                0x200000dc                USBD_LangIDDesc
 .data.USBD_StringSerial
                0x200000e0       0x1a ./USB_DEVICE/App/usbd_desc.o
                0x200000e0                USBD_StringSerial
 *(.RamFunc)
 *(.RamFunc*)
                0x200000fc                        . = ALIGN (0x4)
 *fill*         0x200000fa        0x2 
                0x200000fc                        _edata = .
                0x08007080                        _siccmram = LOADADDR (.ccmram)

.igot.plt       0x200000fc        0x0 load address 0x08007080
 .igot.plt      0x200000fc        0x0 C:/ST/STM32CubeIDE_1.16.0/STM32CubeIDE/plugins/com.st.stm32cube.ide.mcu.externaltools.gnu-tools-for-stm32.12.3.rel1.win32_1.0.200.202406191623/tools/bin/../lib/gcc/arm-none-eabi/12.3.1/thumb/v7e-m+fp/hard/crtbegin.o

.ccmram         0x10000000        0x0 load address 0x08007080
                0x10000000                        . = ALIGN (0x4)
                0x10000000                        _sccmram = .
 *(.ccmram)
 *(.ccmram*)
                0x10000000                        . = ALIGN (0x4)
                0x10000000                        _eccmram = .
                0x10000000                        . = ALIGN (0x4)

.bss            0x200000fc     0x1c48
                0x200000fc                        _sbss = .
                0x200000fc                        __bss_start__ = _sbss
 *(.bss)
 .bss           0x200000fc       0x1c C:/ST/STM32CubeIDE_1.16.0/STM32CubeIDE/plugins/com.st.stm32cube.ide.mcu.externaltools.gnu-tools-for-stm32.12.3.rel1.win32_1.0.200.202406191623/tools/bin/../lib/gcc/arm-none-eabi/12.3.1/thumb/v7e-m+fp/hard/crtbegin.o
 *(.bss*)
 .bss.motorState
                0x20000118        0x1 ./Core/Src/main.o
                0x20000118                motorState
 *fill*         0x20000119        0x3 
 .bss.buffer    0x2000011c       0x40 ./Core/Src/main.o
                0x2000011c                buffer
 .bss.uwTick    0x2000015c        0x4 ./Drivers/STM32F4xx_HAL_Driver/stm32f4xx_hal.o
                0x2000015c                uwTick
 .bss.cfgidx.0  0x20000160        0x1 ./Middlewares/USB_Device_Library/usbd_ctlreq.o
 *fill*         0x20000161        0x3 
 .bss.hUsbDeviceFS
                0x20000164      0x2dc ./USB_DEVICE/App/usb_device.o
                0x20000164                hUsbDeviceFS
 .bss.UserRxBufferFS
                0x20000440      0x800 ./USB_DEVICE/App/usbd_cdc_if.o
                0x20000440                UserRxBufferFS
 .bss.UserTxBufferFS
                0x20000c40      0x800 ./USB_DEVICE/App/usbd_cdc_if.o
                0x20000c40                UserTxBufferFS
 .bss.USBD_StrDesc
                0x20001440      0x200 ./USB_DEVICE/App/usbd_desc.o
                0x20001440                USBD_StrDesc
 .bss.hpcd_USB_OTG_FS
                0x20001640      0x4e4 ./USB_DEVICE/Target/usbd_conf.o
                0x20001640                hpcd_USB_OTG_FS
 .bss.mem.0     0x20001b24      0x220 ./USB_DEVICE/Target/usbd_conf.o
 *(COMMON)
                0x20001d44                        . = ALIGN (0x4)
                0x20001d44                        _ebss = .
                0x20001d44                        __bss_end__ = _ebss

._user_heap_stack
                0x20001d44      0x604
                0x20001d48                        . = ALIGN (0x8)
 *fill*         0x20001d44        0x4 
                [!provide]                        PROVIDE (end = .)
                0x20001d48                        PROVIDE (_end = .)
                0x20001f48                        . = (. + _Min_Heap_Size)
 *fill*         0x20001d48      0x200 
                0x20002348                        . = (. + _Min_Stack_Size)
 *fill*         0x20001f48      0x400 
                0x20002348                        . = ALIGN (0x8)

/DISCARD/
 libc.a(*)
 libm.a(*)
 libgcc.a(*)

.ARM.attributes
                0x00000000       0x30
 *(.ARM.attributes)
 .ARM.attributes
                0x00000000       0x22 C:/ST/STM32CubeIDE_1.16.0/STM32CubeIDE/plugins/com.st.stm32cube.ide.mcu.externaltools.gnu-tools-for-stm32.12.3.rel1.win32_1.0.200.202406191623/tools/bin/../lib/gcc/arm-none-eabi/12.3.1/thumb/v7e-m+fp/hard/crti.o
 .ARM.attributes
                0x00000022       0x34 C:/ST/STM32CubeIDE_1.16.0/STM32CubeIDE/plugins/com.st.stm32cube.ide.mcu.externaltools.gnu-tools-for-stm32.12.3.rel1.win32_1.0.200.202406191623/tools/bin/../lib/gcc/arm-none-eabi/12.3.1/thumb/v7e-m+fp/hard/crtbegin.o
 .ARM.attributes
                0x00000056       0x34 ./Core/Src/main.o
 .ARM.attributes
                0x0000008a       0x34 ./Core/Src/stm32f4xx_hal_msp.o
 .ARM.attributes
                0x000000be       0x34 ./Core/Src/stm32f4xx_it.o
 .ARM.attributes
                0x000000f2       0x34 ./Core/Src/system_stm32f4xx.o
 .ARM.attributes
                0x00000126       0x21 ./Core/Startup/startup_stm32f407vgtx.o
 .ARM.attributes
                0x00000147       0x34 ./Drivers/STM32F4xx_HAL_Driver/stm32f4xx_hal.o
 .ARM.attributes
                0x0000017b       0x34 ./Drivers/STM32F4xx_HAL_Driver/stm32f4xx_hal_cortex.o
 .ARM.attributes
                0x000001af       0x34 ./Drivers/STM32F4xx_HAL_Driver/stm32f4xx_hal_gpio.o
 .ARM.attributes
                0x000001e3       0x34 ./Drivers/STM32F4xx_HAL_Driver/stm32f4xx_hal_pcd.o
 .ARM.attributes
                0x00000217       0x34 ./Drivers/STM32F4xx_HAL_Driver/stm32f4xx_hal_pcd_ex.o
 .ARM.attributes
                0x0000024b       0x34 ./Drivers/STM32F4xx_HAL_Driver/stm32f4xx_hal_rcc.o
 .ARM.attributes
                0x0000027f       0x34 ./Drivers/STM32F4xx_HAL_Driver/stm32f4xx_ll_usb.o
 .ARM.attributes
                0x000002b3       0x34 ./Middlewares/USB_Device_Library/usbd_cdc.o
 .ARM.attributes
                0x000002e7       0x34 ./Middlewares/USB_Device_Library/usbd_core.o
 .ARM.attributes
                0x0000031b       0x34 ./Middlewares/USB_Device_Library/usbd_ctlreq.o
 .ARM.attributes
                0x0000034f       0x34 ./Middlewares/USB_Device_Library/usbd_ioreq.o
 .ARM.attributes
                0x00000383       0x34 ./USB_DEVICE/App/usb_device.o
 .ARM.attributes
                0x000003b7       0x34 ./USB_DEVICE/App/usbd_cdc_if.o
 .ARM.attributes
                0x000003eb       0x34 ./USB_DEVICE/App/usbd_desc.o
 .ARM.attributes
                0x0000041f       0x34 ./USB_DEVICE/Target/usbd_conf.o
 .ARM.attributes
                0x00000453       0x34 C:/ST/STM32CubeIDE_1.16.0/STM32CubeIDE/plugins/com.st.stm32cube.ide.mcu.externaltools.gnu-tools-for-stm32.12.3.rel1.win32_1.0.200.202406191623/tools/bin/../lib/gcc/arm-none-eabi/12.3.1/../../../../arm-none-eabi/lib/thumb/v7e-m+fp/hard\libc_nano.a(libc_a-memset.o)
 .ARM.attributes
                0x00000487       0x34 C:/ST/STM32CubeIDE_1.16.0/STM32CubeIDE/plugins/com.st.stm32cube.ide.mcu.externaltools.gnu-tools-for-stm32.12.3.rel1.win32_1.0.200.202406191623/tools/bin/../lib/gcc/arm-none-eabi/12.3.1/../../../../arm-none-eabi/lib/thumb/v7e-m+fp/hard\libc_nano.a(libc_a-strncmp.o)
 .ARM.attributes
                0x000004bb       0x34 C:/ST/STM32CubeIDE_1.16.0/STM32CubeIDE/plugins/com.st.stm32cube.ide.mcu.externaltools.gnu-tools-for-stm32.12.3.rel1.win32_1.0.200.202406191623/tools/bin/../lib/gcc/arm-none-eabi/12.3.1/../../../../arm-none-eabi/lib/thumb/v7e-m+fp/hard\libc_nano.a(libc_a-init.o)
 .ARM.attributes
                0x000004ef       0x34 C:/ST/STM32CubeIDE_1.16.0/STM32CubeIDE/plugins/com.st.stm32cube.ide.mcu.externaltools.gnu-tools-for-stm32.12.3.rel1.win32_1.0.200.202406191623/tools/bin/../lib/gcc/arm-none-eabi/12.3.1/../../../../arm-none-eabi/lib/thumb/v7e-m+fp/hard\libc_nano.a(libc_a-memcpy-stub.o)
 .ARM.attributes
                0x00000523       0x17 C:/ST/STM32CubeIDE_1.16.0/STM32CubeIDE/plugins/com.st.stm32cube.ide.mcu.externaltools.gnu-tools-for-stm32.12.3.rel1.win32_1.0.200.202406191623/tools/bin/../lib/gcc/arm-none-eabi/12.3.1/../../../../arm-none-eabi/lib/thumb/v7e-m+fp/hard\libc_nano.a(libc_a-strlen.o)
 .ARM.attributes
                0x0000053a       0x22 C:/ST/STM32CubeIDE_1.16.0/STM32CubeIDE/plugins/com.st.stm32cube.ide.mcu.externaltools.gnu-tools-for-stm32.12.3.rel1.win32_1.0.200.202406191623/tools/bin/../lib/gcc/arm-none-eabi/12.3.1/thumb/v7e-m+fp/hard\libgcc.a(_aeabi_uldivmod.o)
 .ARM.attributes
                0x0000055c       0x34 C:/ST/STM32CubeIDE_1.16.0/STM32CubeIDE/plugins/com.st.stm32cube.ide.mcu.externaltools.gnu-tools-for-stm32.12.3.rel1.win32_1.0.200.202406191623/tools/bin/../lib/gcc/arm-none-eabi/12.3.1/thumb/v7e-m+fp/hard\libgcc.a(_udivmoddi4.o)
 .ARM.attributes
                0x00000590       0x22 C:/ST/STM32CubeIDE_1.16.0/STM32CubeIDE/plugins/com.st.stm32cube.ide.mcu.externaltools.gnu-tools-for-stm32.12.3.rel1.win32_1.0.200.202406191623/tools/bin/../lib/gcc/arm-none-eabi/12.3.1/thumb/v7e-m+fp/hard\libgcc.a(_dvmd_tls.o)
 .ARM.attributes
                0x000005b2       0x22 C:/ST/STM32CubeIDE_1.16.0/STM32CubeIDE/plugins/com.st.stm32cube.ide.mcu.externaltools.gnu-tools-for-stm32.12.3.rel1.win32_1.0.200.202406191623/tools/bin/../lib/gcc/arm-none-eabi/12.3.1/thumb/v7e-m+fp/hard/crtn.o
OUTPUT(USB_SM.elf elf32-littlearm)
LOAD linker stubs
LOAD C:/ST/STM32CubeIDE_1.16.0/STM32CubeIDE/plugins/com.st.stm32cube.ide.mcu.externaltools.gnu-tools-for-stm32.12.3.rel1.win32_1.0.200.202406191623/tools/bin/../lib/gcc/arm-none-eabi/12.3.1/../../../../arm-none-eabi/lib/thumb/v7e-m+fp/hard\libc.a
LOAD C:/ST/STM32CubeIDE_1.16.0/STM32CubeIDE/plugins/com.st.stm32cube.ide.mcu.externaltools.gnu-tools-for-stm32.12.3.rel1.win32_1.0.200.202406191623/tools/bin/../lib/gcc/arm-none-eabi/12.3.1/../../../../arm-none-eabi/lib/thumb/v7e-m+fp/hard\libm.a
LOAD C:/ST/STM32CubeIDE_1.16.0/STM32CubeIDE/plugins/com.st.stm32cube.ide.mcu.externaltools.gnu-tools-for-stm32.12.3.rel1.win32_1.0.200.202406191623/tools/bin/../lib/gcc/arm-none-eabi/12.3.1/thumb/v7e-m+fp/hard\libgcc.a

.debug_info     0x00000000     0xe34d
 .debug_info    0x00000000      0x7d5 ./Core/Src/main.o
 .debug_info    0x000007d5      0xfdc ./Core/Src/stm32f4xx_hal_msp.o
 .debug_info    0x000017b1      0x627 ./Core/Src/stm32f4xx_it.o
 .debug_info    0x00001dd8      0x512 ./Core/Src/system_stm32f4xx.o
 .debug_info    0x000022ea       0x30 ./Core/Startup/startup_stm32f407vgtx.o
 .debug_info    0x0000231a      0x944 ./Drivers/STM32F4xx_HAL_Driver/stm32f4xx_hal.o
 .debug_info    0x00002c5e      0xd8c ./Drivers/STM32F4xx_HAL_Driver/stm32f4xx_hal_cortex.o
 .debug_info    0x000039ea      0x6c3 ./Drivers/STM32F4xx_HAL_Driver/stm32f4xx_hal_gpio.o
 .debug_info    0x000040ad     0x156f ./Drivers/STM32F4xx_HAL_Driver/stm32f4xx_hal_pcd.o
 .debug_info    0x0000561c      0x6ea ./Drivers/STM32F4xx_HAL_Driver/stm32f4xx_hal_pcd_ex.o
 .debug_info    0x00005d06      0x8af ./Drivers/STM32F4xx_HAL_Driver/stm32f4xx_hal_rcc.o
 .debug_info    0x000065b5     0x1993 ./Drivers/STM32F4xx_HAL_Driver/stm32f4xx_ll_usb.o
 .debug_info    0x00007f48     0x12a3 ./Middlewares/USB_Device_Library/usbd_cdc.o
 .debug_info    0x000091eb      0xe05 ./Middlewares/USB_Device_Library/usbd_core.o
 .debug_info    0x00009ff0      0xade ./Middlewares/USB_Device_Library/usbd_ctlreq.o
 .debug_info    0x0000aace      0x755 ./Middlewares/USB_Device_Library/usbd_ioreq.o
 .debug_info    0x0000b223      0x701 ./USB_DEVICE/App/usb_device.o
 .debug_info    0x0000b924      0x966 ./USB_DEVICE/App/usbd_cdc_if.o
 .debug_info    0x0000c28a      0x458 ./USB_DEVICE/App/usbd_desc.o
 .debug_info    0x0000c6e2     0x1c6b ./USB_DEVICE/Target/usbd_conf.o

.debug_abbrev   0x00000000     0x2ab7
 .debug_abbrev  0x00000000      0x228 ./Core/Src/main.o
 .debug_abbrev  0x00000228      0x228 ./Core/Src/stm32f4xx_hal_msp.o
 .debug_abbrev  0x00000450      0x1a4 ./Core/Src/stm32f4xx_it.o
 .debug_abbrev  0x000005f4      0x11a ./Core/Src/system_stm32f4xx.o
 .debug_abbrev  0x0000070e       0x24 ./Core/Startup/startup_stm32f407vgtx.o
 .debug_abbrev  0x00000732      0x214 ./Drivers/STM32F4xx_HAL_Driver/stm32f4xx_hal.o
 .debug_abbrev  0x00000946      0x31d ./Drivers/STM32F4xx_HAL_Driver/stm32f4xx_hal_cortex.o
 .debug_abbrev  0x00000c63      0x1d4 ./Drivers/STM32F4xx_HAL_Driver/stm32f4xx_hal_gpio.o
 .debug_abbrev  0x00000e37      0x2b9 ./Drivers/STM32F4xx_HAL_Driver/stm32f4xx_hal_pcd.o
 .debug_abbrev  0x000010f0      0x1da ./Drivers/STM32F4xx_HAL_Driver/stm32f4xx_hal_pcd_ex.o
 .debug_abbrev  0x000012ca      0x2b7 ./Drivers/STM32F4xx_HAL_Driver/stm32f4xx_hal_rcc.o
 .debug_abbrev  0x00001581      0x2b3 ./Drivers/STM32F4xx_HAL_Driver/stm32f4xx_ll_usb.o
 .debug_abbrev  0x00001834      0x2d2 ./Middlewares/USB_Device_Library/usbd_cdc.o
 .debug_abbrev  0x00001b06      0x27c ./Middlewares/USB_Device_Library/usbd_core.o
 .debug_abbrev  0x00001d82      0x26f ./Middlewares/USB_Device_Library/usbd_ctlreq.o
 .debug_abbrev  0x00001ff1      0x19a ./Middlewares/USB_Device_Library/usbd_ioreq.o
 .debug_abbrev  0x0000218b      0x195 ./USB_DEVICE/App/usb_device.o
 .debug_abbrev  0x00002320      0x277 ./USB_DEVICE/App/usbd_cdc_if.o
 .debug_abbrev  0x00002597      0x1e1 ./USB_DEVICE/App/usbd_desc.o
 .debug_abbrev  0x00002778      0x33f ./USB_DEVICE/Target/usbd_conf.o

.debug_aranges  0x00000000      0xb98
 .debug_aranges
                0x00000000       0x50 ./Core/Src/main.o
 .debug_aranges
                0x00000050       0x50 ./Core/Src/stm32f4xx_hal_msp.o
 .debug_aranges
                0x000000a0       0x68 ./Core/Src/stm32f4xx_it.o
 .debug_aranges
                0x00000108       0x28 ./Core/Src/system_stm32f4xx.o
 .debug_aranges
                0x00000130       0x28 ./Core/Startup/startup_stm32f407vgtx.o
 .debug_aranges
                0x00000158       0xf0 ./Drivers/STM32F4xx_HAL_Driver/stm32f4xx_hal.o
 .debug_aranges
                0x00000248      0x130 ./Drivers/STM32F4xx_HAL_Driver/stm32f4xx_hal_cortex.o
 .debug_aranges
                0x00000378       0x58 ./Drivers/STM32F4xx_HAL_Driver/stm32f4xx_hal_gpio.o
 .debug_aranges
                0x000003d0      0x148 ./Drivers/STM32F4xx_HAL_Driver/stm32f4xx_hal_pcd.o
 .debug_aranges
                0x00000518       0x38 ./Drivers/STM32F4xx_HAL_Driver/stm32f4xx_hal_pcd_ex.o
 .debug_aranges
                0x00000550       0x88 ./Drivers/STM32F4xx_HAL_Driver/stm32f4xx_hal_rcc.o
 .debug_aranges
                0x000005d8      0x1a0 ./Drivers/STM32F4xx_HAL_Driver/stm32f4xx_ll_usb.o
 .debug_aranges
                0x00000778       0x90 ./Middlewares/USB_Device_Library/usbd_cdc.o
 .debug_aranges
                0x00000808       0xd8 ./Middlewares/USB_Device_Library/usbd_core.o
 .debug_aranges
                0x000008e0       0x90 ./Middlewares/USB_Device_Library/usbd_ctlreq.o
 .debug_aranges
                0x00000970       0x50 ./Middlewares/USB_Device_Library/usbd_ioreq.o
 .debug_aranges
                0x000009c0       0x20 ./USB_DEVICE/App/usb_device.o
 .debug_aranges
                0x000009e0       0x48 ./USB_DEVICE/App/usbd_cdc_if.o
 .debug_aranges
                0x00000a28       0x60 ./USB_DEVICE/App/usbd_desc.o
 .debug_aranges
                0x00000a88      0x110 ./USB_DEVICE/Target/usbd_conf.o

.debug_rnglists
                0x00000000      0x88d
 .debug_rnglists
                0x00000000       0x39 ./Core/Src/main.o
 .debug_rnglists
                0x00000039       0x3a ./Core/Src/stm32f4xx_hal_msp.o
 .debug_rnglists
                0x00000073       0x49 ./Core/Src/stm32f4xx_it.o
 .debug_rnglists
                0x000000bc       0x1a ./Core/Src/system_stm32f4xx.o
 .debug_rnglists
                0x000000d6       0x19 ./Core/Startup/startup_stm32f407vgtx.o
 .debug_rnglists
                0x000000ef       0xaf ./Drivers/STM32F4xx_HAL_Driver/stm32f4xx_hal.o
 .debug_rnglists
                0x0000019e       0xe0 ./Drivers/STM32F4xx_HAL_Driver/stm32f4xx_hal_cortex.o
 .debug_rnglists
                0x0000027e       0x3f ./Drivers/STM32F4xx_HAL_Driver/stm32f4xx_hal_gpio.o
 .debug_rnglists
                0x000002bd       0xfa ./Drivers/STM32F4xx_HAL_Driver/stm32f4xx_hal_pcd.o
 .debug_rnglists
                0x000003b7       0x26 ./Drivers/STM32F4xx_HAL_Driver/stm32f4xx_hal_pcd_ex.o
 .debug_rnglists
                0x000003dd       0x66 ./Drivers/STM32F4xx_HAL_Driver/stm32f4xx_hal_rcc.o
 .debug_rnglists
                0x00000443      0x147 ./Drivers/STM32F4xx_HAL_Driver/stm32f4xx_ll_usb.o
 .debug_rnglists
                0x0000058a       0x6c ./Middlewares/USB_Device_Library/usbd_cdc.o
 .debug_rnglists
                0x000005f6       0xa1 ./Middlewares/USB_Device_Library/usbd_core.o
 .debug_rnglists
                0x00000697       0x6e ./Middlewares/USB_Device_Library/usbd_ctlreq.o
 .debug_rnglists
                0x00000705       0x37 ./Middlewares/USB_Device_Library/usbd_ioreq.o
 .debug_rnglists
                0x0000073c       0x13 ./USB_DEVICE/App/usb_device.o
 .debug_rnglists
                0x0000074f       0x32 ./USB_DEVICE/App/usbd_cdc_if.o
 .debug_rnglists
                0x00000781       0x43 ./USB_DEVICE/App/usbd_desc.o
 .debug_rnglists
                0x000007c4       0xc9 ./USB_DEVICE/Target/usbd_conf.o

.debug_macro    0x00000000    0x23547
 .debug_macro   0x00000000      0x3e0 ./Core/Src/main.o
 .debug_macro   0x000003e0      0xab4 ./Core/Src/main.o
 .debug_macro   0x00000e94      0x2a7 ./Core/Src/main.o
 .debug_macro   0x0000113b       0x2e ./Core/Src/main.o
 .debug_macro   0x00001169       0x2f ./Core/Src/main.o
 .debug_macro   0x00001198       0x22 ./Core/Src/main.o
 .debug_macro   0x000011ba       0x8e ./Core/Src/main.o
 .debug_macro   0x00001248       0x51 ./Core/Src/main.o
 .debug_macro   0x00001299      0x103 ./Core/Src/main.o
 .debug_macro   0x0000139c       0x6a ./Core/Src/main.o
 .debug_macro   0x00001406      0x1df ./Core/Src/main.o
 .debug_macro   0x000015e5       0x1c ./Core/Src/main.o
 .debug_macro   0x00001601       0x22 ./Core/Src/main.o
 .debug_macro   0x00001623       0xfb ./Core/Src/main.o
 .debug_macro   0x0000171e     0x1011 ./Core/Src/main.o
 .debug_macro   0x0000272f      0x11f ./Core/Src/main.o
 .debug_macro   0x0000284e    0x15e97 ./Core/Src/main.o
 .debug_macro   0x000186e5       0x6d ./Core/Src/main.o
 .debug_macro   0x00018752     0x369a ./Core/Src/main.o
 .debug_macro   0x0001bdec      0x189 ./Core/Src/main.o
 .debug_macro   0x0001bf75       0x5c ./Core/Src/main.o
 .debug_macro   0x0001bfd1      0x980 ./Core/Src/main.o
 .debug_macro   0x0001c951      0x9e9 ./Core/Src/main.o
 .debug_macro   0x0001d33a      0x115 ./Core/Src/main.o
 .debug_macro   0x0001d44f      0x13e ./Core/Src/main.o
 .debug_macro   0x0001d58d       0xa5 ./Core/Src/main.o
 .debug_macro   0x0001d632      0x174 ./Core/Src/main.o
 .debug_macro   0x0001d7a6      0x287 ./Core/Src/main.o
 .debug_macro   0x0001da2d       0x5f ./Core/Src/main.o
 .debug_macro   0x0001da8c      0x236 ./Core/Src/main.o
 .debug_macro   0x0001dcc2      0x12c ./Core/Src/main.o
 .debug_macro   0x0001ddee      0x21e ./Core/Src/main.o
 .debug_macro   0x0001e00c       0x2e ./Core/Src/main.o
 .debug_macro   0x0001e03a      0x1b5 ./Core/Src/main.o
 .debug_macro   0x0001e1ef       0xd6 ./Core/Src/main.o
 .debug_macro   0x0001e2c5      0x1a7 ./Core/Src/main.o
 .debug_macro   0x0001e46c       0x46 ./Core/Src/main.o
 .debug_macro   0x0001e4b2       0x4a ./Core/Src/main.o
 .debug_macro   0x0001e4fc      0x127 ./Core/Src/main.o
 .debug_macro   0x0001e623       0x7e ./Core/Src/main.o
 .debug_macro   0x0001e6a1       0x89 ./Core/Src/main.o
 .debug_macro   0x0001e72a      0x225 ./Core/Src/main.o
 .debug_macro   0x0001e94f      0x293 ./Core/Src/main.o
 .debug_macro   0x0001ebe2       0xba ./Core/Src/main.o
 .debug_macro   0x0001ec9c      0x12d ./Core/Src/main.o
 .debug_macro   0x0001edc9       0x61 ./Core/Src/main.o
 .debug_macro   0x0001ee2a       0x2a ./Core/Src/main.o
 .debug_macro   0x0001ee54       0x43 ./Core/Src/main.o
 .debug_macro   0x0001ee97       0x34 ./Core/Src/main.o
 .debug_macro   0x0001eecb       0x16 ./Core/Src/main.o
 .debug_macro   0x0001eee1       0x35 ./Core/Src/main.o
 .debug_macro   0x0001ef16      0x369 ./Core/Src/main.o
 .debug_macro   0x0001f27f       0x10 ./Core/Src/main.o
 .debug_macro   0x0001f28f       0x16 ./Core/Src/main.o
 .debug_macro   0x0001f2a5       0x43 ./Core/Src/main.o
 .debug_macro   0x0001f2e8       0x34 ./Core/Src/main.o
 .debug_macro   0x0001f31c       0x10 ./Core/Src/main.o
 .debug_macro   0x0001f32c       0x58 ./Core/Src/main.o
 .debug_macro   0x0001f384       0x8e ./Core/Src/main.o
 .debug_macro   0x0001f412       0x1c ./Core/Src/main.o
 .debug_macro   0x0001f42e      0x177 ./Core/Src/main.o
 .debug_macro   0x0001f5a5       0x16 ./Core/Src/main.o
 .debug_macro   0x0001f5bb       0x16 ./Core/Src/main.o
 .debug_macro   0x0001f5d1      0x146 ./Core/Src/main.o
 .debug_macro   0x0001f717       0x16 ./Core/Src/main.o
 .debug_macro   0x0001f72d       0x16 ./Core/Src/main.o
 .debug_macro   0x0001f743       0x29 ./Core/Src/main.o
 .debug_macro   0x0001f76c       0x16 ./Core/Src/main.o
 .debug_macro   0x0001f782       0x20 ./Core/Src/main.o
 .debug_macro   0x0001f7a2      0x196 ./Core/Src/main.o
 .debug_macro   0x0001f938       0x65 ./Core/Src/main.o
 .debug_macro   0x0001f99d      0x20f ./Core/Src/main.o
 .debug_macro   0x0001fbac       0x95 ./Core/Src/main.o
 .debug_macro   0x0001fc41       0x10 ./Core/Src/main.o
 .debug_macro   0x0001fc51      0x220 ./Core/Src/stm32f4xx_hal_msp.o
 .debug_macro   0x0001fe71      0x190 ./Core/Src/stm32f4xx_hal_msp.o
 .debug_macro   0x00020001      0x22a ./Core/Src/stm32f4xx_it.o
 .debug_macro   0x0002022b      0x211 ./Core/Src/system_stm32f4xx.o
 .debug_macro   0x0002043c      0x271 ./Drivers/STM32F4xx_HAL_Driver/stm32f4xx_hal.o
 .debug_macro   0x000206ad      0x211 ./Drivers/STM32F4xx_HAL_Driver/stm32f4xx_hal_cortex.o
 .debug_macro   0x000208be      0x217 ./Drivers/STM32F4xx_HAL_Driver/stm32f4xx_hal_gpio.o
 .debug_macro   0x00020ad5      0x21d ./Drivers/STM32F4xx_HAL_Driver/stm32f4xx_hal_pcd.o
 .debug_macro   0x00020cf2      0x211 ./Drivers/STM32F4xx_HAL_Driver/stm32f4xx_hal_pcd_ex.o
 .debug_macro   0x00020f03      0x235 ./Drivers/STM32F4xx_HAL_Driver/stm32f4xx_hal_rcc.o
 .debug_macro   0x00021138      0x211 ./Drivers/STM32F4xx_HAL_Driver/stm32f4xx_ll_usb.o
 .debug_macro   0x00021349      0x3af ./Middlewares/USB_Device_Library/usbd_cdc.o
 .debug_macro   0x000216f8       0x9e ./Middlewares/USB_Device_Library/usbd_cdc.o
 .debug_macro   0x00021796      0x10b ./Middlewares/USB_Device_Library/usbd_cdc.o
 .debug_macro   0x000218a1       0x56 ./Middlewares/USB_Device_Library/usbd_cdc.o
 .debug_macro   0x000218f7      0x396 ./Middlewares/USB_Device_Library/usbd_core.o
 .debug_macro   0x00021c8d      0x215 ./Middlewares/USB_Device_Library/usbd_core.o
 .debug_macro   0x00021ea2      0x3a0 ./Middlewares/USB_Device_Library/usbd_ctlreq.o
 .debug_macro   0x00022242      0x39c ./Middlewares/USB_Device_Library/usbd_ioreq.o
 .debug_macro   0x000225de      0x3cf ./USB_DEVICE/App/usb_device.o
 .debug_macro   0x000229ad       0x22 ./USB_DEVICE/App/usb_device.o
 .debug_macro   0x000229cf       0x16 ./USB_DEVICE/App/usb_device.o
 .debug_macro   0x000229e5      0x3ba ./USB_DEVICE/App/usbd_cdc_if.o
 .debug_macro   0x00022d9f      0x3d9 ./USB_DEVICE/App/usbd_desc.o
 .debug_macro   0x00023178       0x1c ./USB_DEVICE/App/usbd_desc.o
 .debug_macro   0x00023194      0x3b3 ./USB_DEVICE/Target/usbd_conf.o

.debug_line     0x00000000    0x1175f
 .debug_line    0x00000000      0xd18 ./Core/Src/main.o
 .debug_line    0x00000d18      0x9ba ./Core/Src/stm32f4xx_hal_msp.o
 .debug_line    0x000016d2      0x984 ./Core/Src/stm32f4xx_it.o
 .debug_line    0x00002056      0x92e ./Core/Src/system_stm32f4xx.o
 .debug_line    0x00002984       0x7a ./Core/Startup/startup_stm32f407vgtx.o
 .debug_line    0x000029fe      0xbd0 ./Drivers/STM32F4xx_HAL_Driver/stm32f4xx_hal.o
 .debug_line    0x000035ce      0xec2 ./Drivers/STM32F4xx_HAL_Driver/stm32f4xx_hal_cortex.o
 .debug_line    0x00004490      0xd5c ./Drivers/STM32F4xx_HAL_Driver/stm32f4xx_hal_gpio.o
 .debug_line    0x000051ec     0x16b9 ./Drivers/STM32F4xx_HAL_Driver/stm32f4xx_hal_pcd.o
 .debug_line    0x000068a5      0x9ad ./Drivers/STM32F4xx_HAL_Driver/stm32f4xx_hal_pcd_ex.o
 .debug_line    0x00007252      0xf5b ./Drivers/STM32F4xx_HAL_Driver/stm32f4xx_hal_rcc.o
 .debug_line    0x000081ad     0x1fab ./Drivers/STM32F4xx_HAL_Driver/stm32f4xx_ll_usb.o
 .debug_line    0x0000a158     0x10da ./Middlewares/USB_Device_Library/usbd_cdc.o
 .debug_line    0x0000b232     0x111b ./Middlewares/USB_Device_Library/usbd_core.o
 .debug_line    0x0000c34d     0x132b ./Middlewares/USB_Device_Library/usbd_ctlreq.o
 .debug_line    0x0000d678      0xc35 ./Middlewares/USB_Device_Library/usbd_ioreq.o
 .debug_line    0x0000e2ad      0xbf1 ./USB_DEVICE/App/usb_device.o
 .debug_line    0x0000ee9e      0xc5c ./USB_DEVICE/App/usbd_cdc_if.o
 .debug_line    0x0000fafa      0xc81 ./USB_DEVICE/App/usbd_desc.o
 .debug_line    0x0001077b      0xfe4 ./USB_DEVICE/Target/usbd_conf.o

.debug_str      0x00000000    0xc955c
 .debug_str     0x00000000    0xc54d8 ./Core/Src/main.o
                              0xc57f4 (size before relaxing)
 .debug_str     0x000c54d8      0x8d1 ./Core/Src/stm32f4xx_hal_msp.o
                              0xc185d (size before relaxing)
 .debug_str     0x000c5da9      0x460 ./Core/Src/stm32f4xx_it.o
                              0xc1212 (size before relaxing)
 .debug_str     0x000c6209       0xdb ./Core/Src/system_stm32f4xx.o
                              0xc08a4 (size before relaxing)
 .debug_str     0x000c62e4       0x44 ./Core/Startup/startup_stm32f407vgtx.o
                                 0x7e (size before relaxing)
 .debug_str     0x000c6328      0xb19 ./Drivers/STM32F4xx_HAL_Driver/stm32f4xx_hal.o
                              0xc1461 (size before relaxing)
 .debug_str     0x000c6e41      0x3cb ./Drivers/STM32F4xx_HAL_Driver/stm32f4xx_hal_cortex.o
                              0xc11dd (size before relaxing)
 .debug_str     0x000c720c      0x15a ./Drivers/STM32F4xx_HAL_Driver/stm32f4xx_hal_gpio.o
                              0xc0a58 (size before relaxing)
 .debug_str     0x000c7366      0x86a ./Drivers/STM32F4xx_HAL_Driver/stm32f4xx_hal_pcd.o
                              0xc13bb (size before relaxing)
 .debug_str     0x000c7bd0      0x14e ./Drivers/STM32F4xx_HAL_Driver/stm32f4xx_hal_pcd_ex.o
                              0xc0cab (size before relaxing)
 .debug_str     0x000c7d1e      0x258 ./Drivers/STM32F4xx_HAL_Driver/stm32f4xx_hal_rcc.o
                              0xc0d11 (size before relaxing)
 .debug_str     0x000c7f76      0x4e9 ./Drivers/STM32F4xx_HAL_Driver/stm32f4xx_ll_usb.o
                              0xc1296 (size before relaxing)
 .debug_str     0x000c845f      0x737 ./Middlewares/USB_Device_Library/usbd_cdc.o
                              0xc5f13 (size before relaxing)
 .debug_str     0x000c8b96      0x395 ./Middlewares/USB_Device_Library/usbd_core.o
                              0xc586c (size before relaxing)
 .debug_str     0x000c8f2b      0x172 ./Middlewares/USB_Device_Library/usbd_ctlreq.o
                              0xc5697 (size before relaxing)
 .debug_str     0x000c909d       0x8a ./Middlewares/USB_Device_Library/usbd_ioreq.o
                              0xc556c (size before relaxing)
 .debug_str     0x000c9127       0xc6 ./USB_DEVICE/App/usb_device.o
                              0xc58e6 (size before relaxing)
 .debug_str     0x000c91ed       0x91 ./USB_DEVICE/App/usbd_cdc_if.o
                              0xc5942 (size before relaxing)
 .debug_str     0x000c927e      0x26b ./USB_DEVICE/App/usbd_desc.o
                              0xc5430 (size before relaxing)
 .debug_str     0x000c94e9       0x73 ./USB_DEVICE/Target/usbd_conf.o
                              0xc6728 (size before relaxing)

.comment        0x00000000       0x43
 .comment       0x00000000       0x43 ./Core/Src/main.o
                                 0x44 (size before relaxing)
 .comment       0x00000043       0x44 ./Core/Src/stm32f4xx_hal_msp.o
 .comment       0x00000043       0x44 ./Core/Src/stm32f4xx_it.o
 .comment       0x00000043       0x44 ./Core/Src/system_stm32f4xx.o
 .comment       0x00000043       0x44 ./Drivers/STM32F4xx_HAL_Driver/stm32f4xx_hal.o
 .comment       0x00000043       0x44 ./Drivers/STM32F4xx_HAL_Driver/stm32f4xx_hal_cortex.o
 .comment       0x00000043       0x44 ./Drivers/STM32F4xx_HAL_Driver/stm32f4xx_hal_gpio.o
 .comment       0x00000043       0x44 ./Drivers/STM32F4xx_HAL_Driver/stm32f4xx_hal_pcd.o
 .comment       0x00000043       0x44 ./Drivers/STM32F4xx_HAL_Driver/stm32f4xx_hal_pcd_ex.o
 .comment       0x00000043       0x44 ./Drivers/STM32F4xx_HAL_Driver/stm32f4xx_hal_rcc.o
 .comment       0x00000043       0x44 ./Drivers/STM32F4xx_HAL_Driver/stm32f4xx_ll_usb.o
 .comment       0x00000043       0x44 ./Middlewares/USB_Device_Library/usbd_cdc.o
 .comment       0x00000043       0x44 ./Middlewares/USB_Device_Library/usbd_core.o
 .comment       0x00000043       0x44 ./Middlewares/USB_Device_Library/usbd_ctlreq.o
 .comment       0x00000043       0x44 ./Middlewares/USB_Device_Library/usbd_ioreq.o
 .comment       0x00000043       0x44 ./USB_DEVICE/App/usb_device.o
 .comment       0x00000043       0x44 ./USB_DEVICE/App/usbd_cdc_if.o
 .comment       0x00000043       0x44 ./USB_DEVICE/App/usbd_desc.o
 .comment       0x00000043       0x44 ./USB_DEVICE/Target/usbd_conf.o

.debug_frame    0x00000000     0x2e60
 .debug_frame   0x00000000       0xfc ./Core/Src/main.o
 .debug_frame   0x000000fc      0x10c ./Core/Src/stm32f4xx_hal_msp.o
 .debug_frame   0x00000208      0x120 ./Core/Src/stm32f4xx_it.o
 .debug_frame   0x00000328       0x58 ./Core/Src/system_stm32f4xx.o
 .debug_frame   0x00000380      0x374 ./Drivers/STM32F4xx_HAL_Driver/stm32f4xx_hal.o
 .debug_frame   0x000006f4      0x508 ./Drivers/STM32F4xx_HAL_Driver/stm32f4xx_hal_cortex.o
 .debug_frame   0x00000bfc      0x14c ./Drivers/STM32F4xx_HAL_Driver/stm32f4xx_hal_gpio.o
 .debug_frame   0x00000d48      0x5b8 ./Drivers/STM32F4xx_HAL_Driver/stm32f4xx_hal_pcd.o
 .debug_frame   0x00001300       0xb0 ./Drivers/STM32F4xx_HAL_Driver/stm32f4xx_hal_pcd_ex.o
 .debug_frame   0x000013b0      0x1f4 ./Drivers/STM32F4xx_HAL_Driver/stm32f4xx_hal_rcc.o
 .debug_frame   0x000015a4      0x7c0 ./Drivers/STM32F4xx_HAL_Driver/stm32f4xx_ll_usb.o
 .debug_frame   0x00001d64      0x23c ./Middlewares/USB_Device_Library/usbd_cdc.o
 .debug_frame   0x00001fa0      0x390 ./Middlewares/USB_Device_Library/usbd_core.o
 .debug_frame   0x00002330      0x23c ./Middlewares/USB_Device_Library/usbd_ctlreq.o
 .debug_frame   0x0000256c      0x10c ./Middlewares/USB_Device_Library/usbd_ioreq.o
 .debug_frame   0x00002678       0x2c ./USB_DEVICE/App/usb_device.o
 .debug_frame   0x000026a4       0xe4 ./USB_DEVICE/App/usbd_cdc_if.o
 .debug_frame   0x00002788      0x160 ./USB_DEVICE/App/usbd_desc.o
 .debug_frame   0x000028e8      0x47c ./USB_DEVICE/Target/usbd_conf.o
 .debug_frame   0x00002d64       0x20 C:/ST/STM32CubeIDE_1.16.0/STM32CubeIDE/plugins/com.st.stm32cube.ide.mcu.externaltools.gnu-tools-for-stm32.12.3.rel1.win32_1.0.200.202406191623/tools/bin/../lib/gcc/arm-none-eabi/12.3.1/../../../../arm-none-eabi/lib/thumb/v7e-m+fp/hard\libc_nano.a(libc_a-memset.o)
 .debug_frame   0x00002d84       0x28 C:/ST/STM32CubeIDE_1.16.0/STM32CubeIDE/plugins/com.st.stm32cube.ide.mcu.externaltools.gnu-tools-for-stm32.12.3.rel1.win32_1.0.200.202406191623/tools/bin/../lib/gcc/arm-none-eabi/12.3.1/../../../../arm-none-eabi/lib/thumb/v7e-m+fp/hard\libc_nano.a(libc_a-strncmp.o)
 .debug_frame   0x00002dac       0x2c C:/ST/STM32CubeIDE_1.16.0/STM32CubeIDE/plugins/com.st.stm32cube.ide.mcu.externaltools.gnu-tools-for-stm32.12.3.rel1.win32_1.0.200.202406191623/tools/bin/../lib/gcc/arm-none-eabi/12.3.1/../../../../arm-none-eabi/lib/thumb/v7e-m+fp/hard\libc_nano.a(libc_a-init.o)
 .debug_frame   0x00002dd8       0x28 C:/ST/STM32CubeIDE_1.16.0/STM32CubeIDE/plugins/com.st.stm32cube.ide.mcu.externaltools.gnu-tools-for-stm32.12.3.rel1.win32_1.0.200.202406191623/tools/bin/../lib/gcc/arm-none-eabi/12.3.1/../../../../arm-none-eabi/lib/thumb/v7e-m+fp/hard\libc_nano.a(libc_a-memcpy-stub.o)
 .debug_frame   0x00002e00       0x2c C:/ST/STM32CubeIDE_1.16.0/STM32CubeIDE/plugins/com.st.stm32cube.ide.mcu.externaltools.gnu-tools-for-stm32.12.3.rel1.win32_1.0.200.202406191623/tools/bin/../lib/gcc/arm-none-eabi/12.3.1/thumb/v7e-m+fp/hard\libgcc.a(_aeabi_uldivmod.o)
 .debug_frame   0x00002e2c       0x34 C:/ST/STM32CubeIDE_1.16.0/STM32CubeIDE/plugins/com.st.stm32cube.ide.mcu.externaltools.gnu-tools-for-stm32.12.3.rel1.win32_1.0.200.202406191623/tools/bin/../lib/gcc/arm-none-eabi/12.3.1/thumb/v7e-m+fp/hard\libgcc.a(_udivmoddi4.o)

.debug_line_str
                0x00000000       0x62
 .debug_line_str
                0x00000000       0x62 ./Core/Startup/startup_stm32f407vgtx.o
